Component: ARM Compiler 5.06 update 4 (build 422) Tool: armlink [4d35d2]

==============================================================================

Section Cross References

    startup_stm32l496xx.o(RESET) refers to startup_stm32l496xx.o(STACK) for __initial_sp
    startup_stm32l496xx.o(RESET) refers to startup_stm32l496xx.o(.text) for Reset_Handler
    startup_stm32l496xx.o(RESET) refers to stm32l4xx_it.o(i.NMI_Handler) for NMI_Handler
    startup_stm32l496xx.o(RESET) refers to stm32l4xx_it.o(i.HardFault_Handler) for HardFault_Handler
    startup_stm32l496xx.o(RESET) refers to stm32l4xx_it.o(i.MemManage_Handler) for MemManage_Handler
    startup_stm32l496xx.o(RESET) refers to stm32l4xx_it.o(i.BusFault_Handler) for BusFault_Handler
    startup_stm32l496xx.o(RESET) refers to stm32l4xx_it.o(i.UsageFault_Handler) for UsageFault_Handler
    startup_stm32l496xx.o(RESET) refers to stm32l4xx_it.o(i.SVC_Handler) for SVC_Handler
    startup_stm32l496xx.o(RESET) refers to stm32l4xx_it.o(i.DebugMon_Handler) for DebugMon_Handler
    startup_stm32l496xx.o(RESET) refers to stm32l4xx_it.o(i.PendSV_Handler) for PendSV_Handler
    startup_stm32l496xx.o(RESET) refers to stm32l4xx_it.o(i.SysTick_Handler) for SysTick_Handler
    startup_stm32l496xx.o(RESET) refers to stm32l4xx_it.o(i.DMA1_Channel1_IRQHandler) for DMA1_Channel1_IRQHandler
    startup_stm32l496xx.o(RESET) refers to stm32l4xx_it.o(i.TIM3_IRQHandler) for TIM3_IRQHandler
    startup_stm32l496xx.o(RESET) refers to stm32l4xx_it.o(i.USART3_IRQHandler) for USART3_IRQHandler
    startup_stm32l496xx.o(RESET) refers to stm32l4xx_it.o(i.LPUART1_IRQHandler) for LPUART1_IRQHandler
    startup_stm32l496xx.o(.text) refers to system_stm32l4xx.o(i.SystemInit) for SystemInit
    startup_stm32l496xx.o(.text) refers to entry.o(.ARM.Collect$$$$00000000) for __main
    fft.o(i.FFT_Operate) refers to fft.o(i.windowingSignal) for windowingSignal
    fft.o(i.FFT_Operate) refers to fft.o(i.complexInputSignal) for complexInputSignal
    fft.o(i.FFT_Operate) refers to fft.o(i.fftSignal) for fftSignal
    fft.o(i.calculatesquare) refers to dmul.o(.text) for __aeabi_dmul
    fft.o(i.calculatesquare) refers to dadd.o(.text) for __aeabi_dadd
    fft.o(i.calculatesumx) refers to dadd.o(.text) for __aeabi_dadd
    fft.o(i.calculatesumxy) refers to dmul.o(.text) for __aeabi_dmul
    fft.o(i.calculatesumxy) refers to dadd.o(.text) for __aeabi_dadd
    fft.o(i.complexInputSignal) refers to fft.o(.bss) for .bss
    fft.o(i.fftSignal) refers to arm_cfft_f32.o(.text) for arm_cfft_f32
    fft.o(i.fftSignal) refers to arm_cmplx_mag_f32.o(.text) for arm_cmplx_mag_f32
    fft.o(i.fftSignal) refers to fft.o(.bss) for .bss
    fft.o(i.fftSignal) refers to arm_const_structs.o(.constdata) for arm_cfft_sR_f32_len256
    fft.o(i.processFFtArr) refers to f2d.o(.text) for __aeabi_f2d
    fft.o(i.processFFtArr) refers to atan2.o(i.__hardfp_atan2) for __hardfp_atan2
    fft.o(i.processFFtArr) refers to dadd.o(.text) for __aeabi_dsub
    fft.o(i.processFFtArr) refers to d2f.o(.text) for __aeabi_d2f
    fft.o(i.processFFtArr) refers to arm_sin_f32.o(.text) for arm_sin_f32
    fft.o(i.processFFtArr) refers to printfa.o(i.__0printf) for __2printf
    fft.o(i.processFFtArr) refers to dflti.o(.text) for __aeabi_i2d
    fft.o(i.processFFtArr) refers to memseta.o(.text) for __aeabi_memclr4
    fft.o(i.processFFtArr) refers to fft.o(i.calculatesumx) for calculatesumx
    fft.o(i.processFFtArr) refers to fft.o(i.calculatesumxy) for calculatesumxy
    fft.o(i.processFFtArr) refers to fft.o(i.calculatesquare) for calculatesquare
    fft.o(i.processFFtArr) refers to dmul.o(.text) for __aeabi_dmul
    fft.o(i.processFFtArr) refers to ddiv.o(.text) for __aeabi_ddiv
    fft.o(i.processFFtArr) refers to fft.o(i.sumaverage) for sumaverage
    fft.o(i.processFFtArr) refers to fft.o(i.squareaverage) for squareaverage
    fft.o(i.processFFtArr) refers to cdrcmple.o(.text) for __aeabi_cdrcmple
    fft.o(i.processFFtArr) refers to strcpy.o(.text) for strcpy
    fft.o(i.processFFtArr) refers to loranode.o(i.node_sendMsg) for node_sendMsg
    fft.o(i.processFFtArr) refers to stm32l4xx_hal.o(i.HAL_Delay) for HAL_Delay
    fft.o(i.processFFtArr) refers to fft.o(.data) for .data
    fft.o(i.processFFtArr) refers to fft.o(.bss) for .bss
    fft.o(i.processFFtArr) refers to loranode.o(.data) for globalSendMsg
    fft.o(i.squareaverage) refers to dadd.o(.text) for __aeabi_dadd
    fft.o(i.squareaverage) refers to ddiv.o(.text) for __aeabi_ddiv
    fft.o(i.squareaverage) refers to dmul.o(.text) for __aeabi_dmul
    fft.o(i.squareaverage) refers to sqrt_full.o(i.__hardfp_sqrt) for __hardfp_sqrt
    fft.o(i.sumaverage) refers to dadd.o(.text) for __aeabi_dadd
    fft.o(i.sumaverage) refers to ddiv.o(.text) for __aeabi_ddiv
    fft.o(i.sumaverage) refers to dmul.o(.text) for __aeabi_dmul
    fft.o(i.windowing) refers to arm_cos_f32.o(.text) for arm_cos_f32
    fft.o(i.windowingSignal) refers to fft.o(i.windowing) for windowing
[...]
    .text                                    0x080002a4   Section        0  arm_cos_f32.o(.text)
    .text                                    0x0800031c   Section        0  arm_sin_f32.o(.text)
    .text                                    0x080003b0   Section        0  arm_cmplx_mag_f32.o(.text)
    .text                                    0x080004ac   Section        0  arm_cfft_f32.o(.text)
    .text                                    0x08000bd8   Section        0  arm_cfft_radix8_f32.o(.text)
    .text                                    0x080010c6   Section        0  uldiv.o(.text)
    .text                                    0x0800112e   Section        0  memseta.o(.text)
    .text                                    0x08001152   Section        0  strcat.o(.text)
    .text                                    0x0800116a   Section        0  strlen.o(.text)
    .text                                    0x08001178   Section        0  strcmp.o(.text)
    .text                                    0x08001194   Section        0  strcpy.o(.text)
    .text                                    0x080011a6   Section        0  dadd.o(.text)
    .text                                    0x08001304   Section        0  dmul.o(.text)
    .text                                    0x080013ee   Section        0  ddiv.o(.text)
    .text                                    0x080014cc   Section        0  dflti.o(.text)
    .text                                    0x080014ee   Section        0  f2d.o(.text)
    .text                                    0x08001514   Section       48  cdrcmple.o(.text)
    .text                                    0x08001544   Section        0  d2f.o(.text)
    .text                                    0x0800157c   Section        0  uidiv.o(.text)
    .text                                    0x080015a8   Section        0  llshl.o(.text)
    .text                                    0x080015c6   Section        0  llushr.o(.text)
    .text                                    0x080015e6   Section        0  llsshr.o(.text)
    .text                                    0x0800160a   Section        0  iusefp.o(.text)
    .text                                    0x0800160a   Section        0  fepilogue.o(.text)
    .text                                    0x08001678   Section        0  depilogue.o(.text)
    .text                                    0x08001732   Section        0  dsqrt.o(.text)
    .text                                    0x080017d4   Section        0  dfixul.o(.text)
    .text                                    0x08001804   Section       36  init.o(.text)
    i.ADC_DMAConvCplt                        0x08001828   Section        0  stm32l4xx_hal_adc.o(i.ADC_DMAConvCplt)
    i.ADC_DMAError                           0x08001890   Section        0  stm32l4xx_hal_adc.o(i.ADC_DMAError)
    i.ADC_DMAHalfConvCplt                    0x080018aa   Section        0  stm32l4xx_hal_adc.o(i.ADC_DMAHalfConvCplt)
    i.ADC_Enable                             0x080018b4   Section        0  stm32l4xx_hal_adc.o(i.ADC_Enable)
    i.BSP_PB_Init                            0x0800194c   Section        0  stm32l4xx_nucleo_144.o(i.BSP_PB_Init)
    i.BusFault_Handler                       0x080019c8   Section        0  stm32l4xx_it.o(i.BusFault_Handler)
    i.DMA1_Channel1_IRQHandler               0x080019cc   Section        0  stm32l4xx_it.o(i.DMA1_Channel1_IRQHandler)
    i.DMA_SetConfig                          0x080019d8   Section        0  stm32l4xx_hal_dma.o(i.DMA_SetConfig)
    DMA_SetConfig                            0x080019d9   Thumb Code    46  stm32l4xx_hal_dma.o(i.DMA_SetConfig)
    i.DebugMon_Handler                       0x08001a06   Section        0  stm32l4xx_it.o(i.DebugMon_Handler)
    i.FFT_Operate                            0x08001a08   Section        0  fft.o(i.FFT_Operate)
    i.HAL_ADCEx_MultiModeConfigChannel       0x08001a1c   Section        0  stm32l4xx_hal_adc_ex.o(i.HAL_ADCEx_MultiModeConfigChannel)
    i.HAL_ADC_ConfigChannel                  0x08001b0c   Section        0  stm32l4xx_hal_adc.o(i.HAL_ADC_ConfigChannel)
    i.HAL_ADC_ConvCpltCallback               0x08001f3c   Section        0  stm32l4xx_hal_adc.o(i.HAL_ADC_ConvCpltCallback)
    i.HAL_ADC_ConvHalfCpltCallback           0x08001f3e   Section        0  stm32l4xx_hal_adc.o(i.HAL_ADC_ConvHalfCpltCallback)
    i.HAL_ADC_ErrorCallback                  0x08001f40   Section        0  stm32l4xx_hal_adc.o(i.HAL_ADC_ErrorCallback)
    i.HAL_ADC_Init                           0x08001f44   Section        0  stm32l4xx_hal_adc.o(i.HAL_ADC_Init)
    i.HAL_ADC_MspInit                        0x08002160   Section        0  adc.o(i.HAL_ADC_MspInit)
    i.HAL_ADC_Start_DMA                      0x080021f0   Section        0  stm32l4xx_hal_adc.o(i.HAL_ADC_Start_DMA)
    i.HAL_DMA_Abort_IT                       0x08002304   Section        0  stm32l4xx_hal_dma.o(i.HAL_DMA_Abort_IT)
    i.HAL_DMA_IRQHandler                     0x08002352   Section        0  stm32l4xx_hal_dma.o(i.HAL_DMA_IRQHandler)
    i.HAL_DMA_Init                           0x0800240c   Section        0  stm32l4xx_hal_dma.o(i.HAL_DMA_Init)
    i.HAL_DMA_Start_IT                       0x080024cc   Section        0  stm32l4xx_hal_dma.o(i.HAL_DMA_Start_IT)
    i.HAL_Delay                              0x0800253c   Section        0  stm32l4xx_hal.o(i.HAL_Delay)
    i.HAL_GPIO_Init                          0x08002558   Section        0  stm32l4xx_hal_gpio.o(i.HAL_GPIO_Init)
    i.HAL_GetTick                            0x08002718   Section        0  stm32l4xx_hal.o(i.HAL_GetTick)
    i.HAL_IncTick                            0x08002724   Section        0  stm32l4xx_hal.o(i.HAL_IncTick)
    i.HAL_Init                               0x08002734   Section        0  stm32l4xx_hal.o(i.HAL_Init)
    i.HAL_InitTick                           0x0800274c   Section        0  stm32l4xx_hal.o(i.HAL_InitTick)
    i.HAL_MspInit                            0x08002774   Section        0  stm32l4xx_hal_msp.o(i.HAL_MspInit)
    i.HAL_NVIC_EnableIRQ                     0x080027f4   Section        0  stm32l4xx_hal_cortex.o(i.HAL_NVIC_EnableIRQ)
    i.HAL_NVIC_SetPriority                   0x0800280c   Section        0  stm32l4xx_hal_cortex.o(i.HAL_NVIC_SetPriority)
    i.HAL_NVIC_SetPriorityGrouping           0x0800284c   Section        0  stm32l4xx_hal_cortex.o(i.HAL_NVIC_SetPriorityGrouping)
    i.HAL_PWREx_ControlVoltageScaling        0x08002870   Section        0  stm32l4xx_hal_pwr_ex.o(i.HAL_PWREx_ControlVoltageScaling)
    i.HAL_PWREx_EnableVddIO2                 0x080028d4   Section        0  stm32l4xx_hal_pwr_ex.o(i.HAL_PWREx_EnableVddIO2)
    i.HAL_PWREx_GetVoltageRange              0x080028e4   Section        0  stm32l4xx_hal_pwr_ex.o(i.HAL_PWREx_GetVoltageRange)
    i.HAL_RCCEx_PeriphCLKConfig              0x080028f4   Section        0  stm32l4xx_hal_rcc_ex.o(i.HAL_RCCEx_PeriphCLKConfig)
    i.HAL_RCC_ClockConfig                    0x08002cc0   Section        0  stm32l4xx_hal_rcc.o(i.HAL_RCC_ClockConfig)
    i.HAL_RCC_GetHCLKFreq                    0x08002dd4   Section        0  stm32l4xx_hal_rcc.o(i.HAL_RCC_GetHCLKFreq)
    i.HAL_RCC_GetPCLK1Freq                   0x08002de0   Section        0  stm32l4xx_hal_rcc.o(i.HAL_RCC_GetPCLK1Freq)
    i.HAL_RCC_GetPCLK2Freq                   0x08002e00   Section        0  stm32l4xx_hal_rcc.o(i.HAL_RCC_GetPCLK2Freq)
    i.HAL_RCC_GetSysClockFreq                0x08002e20   Section        0  stm32l4xx_hal_rcc.o(i.HAL_RCC_GetSysClockFreq)
    i.HAL_RCC_OscConfig                      0x08002ee4   Section        0  stm32l4xx_hal_rcc.o(i.HAL_RCC_OscConfig)
    i.HAL_SYSTICK_CLKSourceConfig            0x080033a4   Section        0  stm32l4xx_hal_cortex.o(i.HAL_SYSTICK_CLKSourceConfig)
    i.HAL_SYSTICK_Callback                   0x080033bc   Section        0  stm32l4xx_hal_cortex.o(i.HAL_SYSTICK_Callback)
    i.HAL_SYSTICK_Config                     0x080033be   Section        0  stm32l4xx_hal_cortex.o(i.HAL_SYSTICK_Config)
    i.HAL_SYSTICK_IRQHandler                 0x080033e6   Section        0  stm32l4xx_hal_cortex.o(i.HAL_SYSTICK_IRQHandler)
    i.HAL_TIMEx_Break2Callback               0x080033ee   Section        0  stm32l4xx_hal_tim_ex.o(i.HAL_TIMEx_Break2Callback)
    i.HAL_TIMEx_BreakCallback                0x080033f0   Section        0  stm32l4xx_hal_tim_ex.o(i.HAL_TIMEx_BreakCallback)
    i.HAL_TIMEx_CommutationCallback          0x080033f2   Section        0  stm32l4xx_hal_tim_ex.o(i.HAL_TIMEx_CommutationCallback)
    i.HAL_TIMEx_MasterConfigSynchronization  0x080033f4   Section        0  stm32l4xx_hal_tim_ex.o(i.HAL_TIMEx_MasterConfigSynchronization)
    i.HAL_TIM_Base_Init                      0x08003454   Section        0  stm32l4xx_hal_tim.o(i.HAL_TIM_Base_Init)
    i.HAL_TIM_Base_MspInit                   0x0800348c   Section        0  tim.o(i.HAL_TIM_Base_MspInit)
    i.HAL_TIM_Base_Start_IT                  0x080034c8   Section        0  stm32l4xx_hal_tim.o(i.HAL_TIM_Base_Start_IT)
    i.HAL_TIM_Base_Stop_IT                   0x080034f8   Section        0  stm32l4xx_hal_tim.o(i.HAL_TIM_Base_Stop_IT)
    i.HAL_TIM_ConfigClockSource              0x08003524   Section        0  stm32l4xx_hal_tim.o(i.HAL_TIM_ConfigClockSource)
    i.HAL_TIM_IC_CaptureCallback             0x08003610   Section        0  stm32l4xx_hal_tim.o(i.HAL_TIM_IC_CaptureCallback)
    i.HAL_TIM_IRQHandler                     0x08003612   Section        0  stm32l4xx_hal_tim.o(i.HAL_TIM_IRQHandler)
    i.HAL_TIM_OC_DelayElapsedCallback        0x08003796   Section        0  stm32l4xx_hal_tim.o(i.HAL_TIM_OC_DelayElapsedCallback)
    i.HAL_TIM_PWM_PulseFinishedCallback      0x08003798   Section        0  stm32l4xx_hal_tim.o(i.HAL_TIM_PWM_PulseFinishedCallback)
    i.HAL_TIM_PeriodElapsedCallback          0x0800379c   Section        0  tim.o(i.HAL_TIM_PeriodElapsedCallback)
    i.HAL_TIM_TriggerCallback                0x080037e8   Section        0  stm32l4xx_hal_tim.o(i.HAL_TIM_TriggerCallback)
    i.HAL_UARTEx_WakeupCallback              0x080037ea   Section        0  stm32l4xx_hal_uart_ex.o(i.HAL_UARTEx_WakeupCallback)
    i.HAL_UART_ErrorCallback                 0x080037ec   Section        0  stm32l4xx_hal_uart.o(i.HAL_UART_ErrorCallback)
    i.HAL_UART_IRQHandler                    0x080037f0   Section        0  stm32l4xx_hal_uart.o(i.HAL_UART_IRQHandler)
    i.HAL_UART_Init                          0x08003934   Section        0  stm32l4xx_hal_uart.o(i.HAL_UART_Init)
    i.HAL_UART_MspInit                       0x080039a0   Section        0  usart.o(i.HAL_UART_MspInit)
    i.HAL_UART_Receive_IT                    0x08003a3c   Section        0  stm32l4xx_hal_uart.o(i.HAL_UART_Receive_IT)
    i.HAL_UART_RxCpltCallback                0x08003ae8   Section        0  usart.o(i.HAL_UART_RxCpltCallback)
    i.HAL_UART_Transmit                      0x08003b58   Section        0  stm32l4xx_hal_uart.o(i.HAL_UART_Transmit)
    i.HAL_UART_TxCpltCallback                0x08003c08   Section        0  stm32l4xx_hal_uart.o(i.HAL_UART_TxCpltCallback)
    i.HardFault_Handler                      0x08003c0a   Section        0  stm32l4xx_it.o(i.HardFault_Handler)
    i.LL_ADC_GetOffsetChannel                0x08003c0c   Section        0  stm32l4xx_hal_adc.o(i.LL_ADC_GetOffsetChannel)
    LL_ADC_GetOffsetChannel                  0x08003c0d   Thumb Code    12  stm32l4xx_hal_adc.o(i.LL_ADC_GetOffsetChannel)
    i.LL_ADC_REG_IsConversionOngoing         0x08003c18   Section        0  stm32l4xx_hal_adc.o(i.LL_ADC_REG_IsConversionOngoing)
    LL_ADC_REG_IsConversionOngoing           0x08003c19   Thumb Code     8  stm32l4xx_hal_adc.o(i.LL_ADC_REG_IsConversionOngoing)
    i.LL_ADC_REG_IsConversionOngoing         0x08003c20   Section        0  stm32l4xx_hal_adc_ex.o(i.LL_ADC_REG_IsConversionOngoing)
    LL_ADC_REG_IsConversionOngoing           0x08003c21   Thumb Code     8  stm32l4xx_hal_adc_ex.o(i.LL_ADC_REG_IsConversionOngoing)
    i.LL_ADC_SetChannelSamplingTime          0x08003c28   Section        0  stm32l4xx_hal_adc.o(i.LL_ADC_SetChannelSamplingTime)
    LL_ADC_SetChannelSamplingTime            0x08003c29   Thumb Code    70  stm32l4xx_hal_adc.o(i.LL_ADC_SetChannelSamplingTime)
    i.LL_ADC_SetOffsetState                  0x08003c6e   Section        0  stm32l4xx_hal_adc.o(i.LL_ADC_SetOffsetState)
    LL_ADC_SetOffsetState                    0x08003c6f   Thumb Code    16  stm32l4xx_hal_adc.o(i.LL_ADC_SetOffsetState)
    i.LPUART1_IRQHandler                     0x08003c80   Section        0  stm32l4xx_it.o(i.LPUART1_IRQHandler)
    i.MX_ADC1_Init                           0x08003c8c   Section        0  adc.o(i.MX_ADC1_Init)
    i.MX_DMA_Init                            0x08003d44   Section        0  dma.o(i.MX_DMA_Init)
    i.MX_GPIO_Init                           0x08003d70   Section        0  gpio.o(i.MX_GPIO_Init)
    i.MX_LPUART1_UART_Init                   0x08003db0   Section        0  usart.o(i.MX_LPUART1_UART_Init)
    i.MX_TIM3_Init                           0x08003e00   Section        0  tim.o(i.MX_TIM3_Init)
    i.MX_USART3_UART_Init                    0x08003e78   Section        0  usart.o(i.MX_USART3_UART_Init)
    i.MemManage_Handler                      0x08003ec8   Section        0  stm32l4xx_it.o(i.MemManage_Handler)
    i.NMI_Handler                            0x08003eca   Section        0  stm32l4xx_it.o(i.NMI_Handler)
    i.NVIC_SetPriority                       0x08003ecc   Section        0  stm32l4xx_hal_cortex.o(i.NVIC_SetPriority)
    NVIC_SetPriority                         0x08003ecd   Thumb Code    32  stm32l4xx_hal_cortex.o(i.NVIC_SetPriority)
    i.PendSV_Handler                         0x08003eec   Section        0  stm32l4xx_it.o(i.PendSV_Handler)
    i.RCCEx_PLLSAI1_Config                   0x08003ef0   Section        0  stm32l4xx_hal_rcc_ex.o(i.RCCEx_PLLSAI1_Config)
    RCCEx_PLLSAI1_Config                     0x08003ef1   Thumb Code   278  stm32l4xx_hal_rcc_ex.o(i.RCCEx_PLLSAI1_Config)
    i.RCCEx_PLLSAI2_Config                   0x0800401c   Section        0  stm32l4xx_hal_rcc_ex.o(i.RCCEx_PLLSAI2_Config)
    RCCEx_PLLSAI2_Config                     0x0800401d   Thumb Code   250  stm32l4xx_hal_rcc_ex.o(i.RCCEx_PLLSAI2_Config)
    i.RCC_SetFlashLatencyFromMSIRange        0x08004124   Section        0  stm32l4xx_hal_rcc.o(i.RCC_SetFlashLatencyFromMSIRange)
    RCC_SetFlashLatencyFromMSIRange          0x08004125   Thumb Code   116  stm32l4xx_hal_rcc.o(i.RCC_SetFlashLatencyFromMSIRange)
    i.SVC_Handler                            0x080041a0   Section        0  stm32l4xx_it.o(i.SVC_Handler)
    i.SysTick_Handler                        0x080041a2   Section        0  stm32l4xx_it.o(i.SysTick_Handler)
    i.SystemClock_Config                     0x080041b0   Section        0  main.o(i.SystemClock_Config)
    i.SystemInit                             0x08004254   Section        0  system_stm32l4xx.o(i.SystemInit)
    i.TIM3_IRQHandler                        0x08004298   Section        0  stm32l4xx_it.o(i.TIM3_IRQHandler)
    i.TIM_Base_SetConfig                     0x080042a4   Section        0  stm32l4xx_hal_tim.o(i.TIM_Base_SetConfig)
    i.TIM_ETR_SetConfig                      0x08004364   Section        0  stm32l4xx_hal_tim.o(i.TIM_ETR_SetConfig)
    i.TIM_ITRx_SetConfig                     0x08004378   Section        0  stm32l4xx_hal_tim.o(i.TIM_ITRx_SetConfig)
    TIM_ITRx_SetConfig                       0x08004379   Thumb Code    16  stm32l4xx_hal_tim.o(i.TIM_ITRx_SetConfig)
    i.TIM_TI1_ConfigInputStage               0x08004388   Section        0  stm32l4xx_hal_tim.o(i.TIM_TI1_ConfigInputStage)
    TIM_TI1_ConfigInputStage                 0x08004389   Thumb Code    34  stm32l4xx_hal_tim.o(i.TIM_TI1_ConfigInputStage)
    i.TIM_TI2_ConfigInputStage               0x080043aa   Section        0  stm32l4xx_hal_tim.o(i.TIM_TI2_ConfigInputStage)
    TIM_TI2_ConfigInputStage                 0x080043ab   Thumb Code    36  stm32l4xx_hal_tim.o(i.TIM_TI2_ConfigInputStage)
    i.UART_AdvFeatureConfig                  0x080043ce   Section        0  stm32l4xx_hal_uart.o(i.UART_AdvFeatureConfig)
    i.UART_CheckIdleState                    0x08004496   Section        0  stm32l4xx_hal_uart.o(i.UART_CheckIdleState)
    i.UART_DMAAbortOnError                   0x080044f2   Section        0  stm32l4xx_hal_uart.o(i.UART_DMAAbortOnError)
    UART_DMAAbortOnError                     0x080044f3   Thumb Code    20  stm32l4xx_hal_uart.o(i.UART_DMAAbortOnError)
    i.UART_EndRxTransfer                     0x08004506   Section        0  stm32l4xx_hal_uart.o(i.UART_EndRxTransfer)
    UART_EndRxTransfer                       0x08004507   Thumb Code    32  stm32l4xx_hal_uart.o(i.UART_EndRxTransfer)
    i.UART_RxISR_16BIT                       0x08004526   Section        0  stm32l4xx_hal_uart.o(i.UART_RxISR_16BIT)
    UART_RxISR_16BIT                         0x08004527   Thumb Code    92  stm32l4xx_hal_uart.o(i.UART_RxISR_16BIT)
    i.UART_RxISR_8BIT                        0x08004582   Section        0  stm32l4xx_hal_uart.o(i.UART_RxISR_8BIT)
    UART_RxISR_8BIT                          0x08004583   Thumb Code    90  stm32l4xx_hal_uart.o(i.UART_RxISR_8BIT)
    i.UART_SetConfig                         0x080045dc   Section        0  stm32l4xx_hal_uart.o(i.UART_SetConfig)
    i.UART_WaitOnFlagUntilTimeout            0x0800487c   Section        0  stm32l4xx_hal_uart.o(i.UART_WaitOnFlagUntilTimeout)
    i.USART3_IRQHandler                      0x080048e0   Section        0  stm32l4xx_it.o(i.USART3_IRQHandler)
    i.UsageFault_Handler                     0x080048ec   Section        0  stm32l4xx_it.o(i.UsageFault_Handler)
    i._Error_Handler                         0x080048ee   Section        0  main.o(i._Error_Handler)
    i.__0printf                              0x080048f0   Section        0  printfa.o(i.__0printf)
    i.__ARM_fpclassify                       0x08004910   Section        0  fpclassify.o(i.__ARM_fpclassify)
    i.__hardfp_atan                          0x08004940   Section        0  atan.o(i.__hardfp_atan)
    i.__hardfp_atan2                         0x08004c18   Section        0  atan2.o(i.__hardfp_atan2)
    i.__hardfp_sqrt                          0x08004e08   Section        0  sqrt_full.o(i.__hardfp_sqrt)
    i.__kernel_poly                          0x08004e82   Section        0  poly.o(i.__kernel_poly)
    i.__mathlib_dbl_infnan                   0x08004f7a   Section        0  dunder.o(i.__mathlib_dbl_infnan)
    i.__mathlib_dbl_infnan2                  0x08004f8e   Section        0  dunder.o(i.__mathlib_dbl_infnan2)
    i.__mathlib_dbl_underflow                0x08004fa8   Section        0  dunder.o(i.__mathlib_dbl_underflow)
    i.__scatterload_copy                     0x08004fc8   Section       14  handlers.o(i.__scatterload_copy)
    i.__scatterload_null                     0x08004fd6   Section        2  handlers.o(i.__scatterload_null)
    i.__scatterload_zeroinit                 0x08004fd8   Section       14  handlers.o(i.__scatterload_zeroinit)
    i.__set_errno                            0x08004fe8   Section        0  errno.o(i.__set_errno)
    i._fp_digits                             0x08004ff4   Section        0  printfa.o(i._fp_digits)
    _fp_digits                               0x08004ff5   Thumb Code   366  printfa.o(i._fp_digits)
    i._printf_core                           0x08005180   Section        0  printfa.o(i._printf_core)
    _printf_core                             0x08005181   Thumb Code  1744  printfa.o(i._printf_core)
    i._printf_post_padding                   0x08005862   Section        0  printfa.o(i._printf_post_padding)
    _printf_post_padding                     0x08005863   Thumb Code    36  printfa.o(i._printf_post_padding)
    i._printf_pre_padding                    0x08005886   Section        0  printfa.o(i._printf_pre_padding)
    _printf_pre_padding                      0x08005887   Thumb Code    46  printfa.o(i._printf_pre_padding)
    i.atan                                   0x080058b4   Section        0  atan.o(i.atan)
    i.calculatesquare                        0x080058c4   Section        0  fft.o(i.calculatesquare)
    i.calculatesumx                          0x08005910   Section        0  fft.o(i.calculatesumx)
    i.calculatesumxy                         0x08005944   Section        0  fft.o(i.calculatesumxy)
    i.complexInputSignal                     0x08005998   Section        0  fft.o(i.complexInputSignal)
    i.fabs                                   0x080059e8   Section        0  fabs.o(i.fabs)
    i.fftSignal                              0x08005a00   Section        0  fft.o(i.fftSignal)
    i.fputc                                  0x08005a4c   Section        0  main.o(i.fputc)
    i.free                                   0x08005a64   Section        0  malloc.o(i.free)
    i.main                                   0x08005ab4   Section        0  main.o(i.main)
    i.malloc                                 0x08005cc0   Section        0  malloc.o(i.malloc)
    i.node_UartReturn                        0x08005d2c   Section        0  loranode.o(i.node_UartReturn)
    i.node_sendMsg                           0x08005ef8   Section        0  loranode.o(i.node_sendMsg)
    i.processFFtArr                          0x08005f7c   Section        0  fft.o(i.processFFtArr)
    i.squareaverage                          0x08006368   Section        0  fft.o(i.squareaverage)
    i.sumaverage                             0x0800640c   Section        0  fft.o(i.sumaverage)
    i.windowing                              0x080064f4   Section        0  fft.o(i.windowing)
    i.windowingSignal                        0x0800652c   Section        0  fft.o(i.windowingSignal)
    .constdata                               0x08006590   Section       10  stm32l4xx_nucleo_144.o(.constdata)
    .constdata                               0x0800659c   Section       64  system_stm32l4xx.o(.constdata)
    .constdata                               0x080065dc   Section        8  system_stm32l4xx.o(.constdata)
    .constdata                               0x080065e4   Section       16  arm_const_structs.o(.constdata)
    .constdata                               0x080065f4   Section     2048  arm_common_tables.o(.constdata)
    .constdata                               0x08006df4   Section      880  arm_common_tables.o(.constdata)
    .constdata                               0x08007164   Section     2052  arm_common_tables.o(.constdata)
    .constdata                               0x08007968   Section      152  atan.o(.constdata)
    atanhi                                   0x08007968   Data          32  atan.o(.constdata)
    atanlo                                   0x08007988   Data          32  atan.o(.constdata)
    aTodd                                    0x080079a8   Data          40  atan.o(.constdata)
    aTeven                                   0x080079d0   Data          48  atan.o(.constdata)
    .constdata                               0x08007a00   Section        8  qnan.o(.constdata)
    .data                                    0x20000000   Section        1  fft.o(.data)
    .data                                    0x20000004   Section        4  fft.o(.data)
    maxCount                                 0x20000004   Data           4  fft.o(.data)
    .data                                    0x20000008   Section       16  stm32l4xx_nucleo_144.o(.data)
    .data                                    0x20000018   Section       13  loranode.o(.data)
    .data                                    0x20000028   Section       12  usart.o(.data)
    .data                                    0x20000034   Section        8  tim.o(.data)
    i                                        0x20000038   Data           4  tim.o(.data)
    .data                                    0x2000003c   Section        4  stm32l4xx_hal.o(.data)
    .data                                    0x20000040   Section        4  system_stm32l4xx.o(.data)
    .data                                    0x20000044   Section        4  stdout.o(.data)
    .data                                    0x20000048   Section        4  mvars.o(.data)
    .data                                    0x2000004c   Section        4  mvars.o(.data)
    .data                                    0x20000050   Section        4  errno.o(.data)
    _errno                                   0x20000050   Data           4  errno.o(.data)
    .bss                                     0x20000054   Section     8280  fft.o(.bss)
    .bss                                     0x200020ac   Section       32  adc.o(.bss)
    .bss                                     0x200020cc   Section     1024  adc.o(.bss)
    .bss                                     0x200024cc   Section     1024  adc.o(.bss)
    .bss                                     0x200028cc   Section      180  adc.o(.bss)
    .bss                                     0x20002980   Section      752  usart.o(.bss)
    .bss                                     0x20002c70   Section       64  tim.o(.bss)
    HEAP                                     0x20002cb0   Section      512  startup_stm32l496xx.o(HEAP)
    STACK                                    0x20002eb0   Section     1024  startup_stm32l496xx.o(STACK)

    Global Symbols

    Symbol Name                              Value     Ov Type        Size  Object(Section)

    BuildAttributes$$THM_ISAv4$E$P$D$K$B$S$7EM$VFPi3$EXTD16$VFPS$VFMA$PE$A:L22UL41UL21$X:L11$S22US41US21$IEEE1$IW$USESV6$~STKCKD$USESV7$~SHL$OTIME$ROPI$IEEEX$EBA8$MICROLIB$REQ8$PRES8$EABIv2 0x00000000   Number         0  anon$$obj.o ABSOLUTE
    __ARM_use_no_argv                        0x00000000   Number         0  main.o ABSOLUTE
    _printf_a                                0x00000000   Number         0  stubs.o ABSOLUTE
    _printf_c                                0x00000000   Number         0  stubs.o ABSOLUTE
    _printf_charcount                        0x00000000   Number         0  stubs.o ABSOLUTE
    _printf_d                                0x00000000   Number         0  stubs.o ABSOLUTE
    _printf_e                                0x00000000   Number         0  stubs.o ABSOLUTE
    _printf_f                                0x00000000   Number         0  stubs.o ABSOLUTE
    _printf_flags                            0x00000000   Number         0  stubs.o ABSOLUTE
    _printf_fp_dec                           0x00000000   Number         0  stubs.o ABSOLUTE
    _printf_fp_hex                           0x00000000   Number         0  stubs.o ABSOLUTE
    _printf_g                                0x00000000   Number         0  stubs.o ABSOLUTE
    _printf_i                                0x00000000   Number         0  stubs.o ABSOLUTE
    _printf_int_dec                          0x00000000   Number         0  stubs.o ABSOLUTE
    _printf_l                                0x00000000   Number         0  stubs.o ABSOLUTE
    _printf_lc                               0x00000000   Number         0  stubs.o ABSOLUTE
    _printf_ll                               0x00000000   Number         0  stubs.o ABSOLUTE
    _printf_lld                              0x00000000   Number         0  stubs.o ABSOLUTE
    _printf_lli                              0x00000000   Number         0  stubs.o ABSOLUTE
    _printf_llo                              0x00000000   Number         0  stubs.o ABSOLUTE
    _printf_llu                              0x00000000   Number         0  stubs.o ABSOLUTE
    _printf_llx                              0x00000000   Number         0  stubs.o ABSOLUTE
    _printf_longlong_dec                     0x00000000   Number         0  stubs.o ABSOLUTE
    _printf_longlong_hex                     0x00000000   Number         0  stubs.o ABSOLUTE
    _printf_longlong_oct                     0x00000000   Number         0  stubs.o ABSOLUTE
    _printf_ls                               0x00000000   Number         0  stubs.o ABSOLUTE
    _printf_mbtowc                           0x00000000   Number         0  stubs.o ABSOLUTE
    _printf_n                                0x00000000   Number         0  stubs.o ABSOLUTE
    _printf_o                                0x00000000   Number         0  stubs.o ABSOLUTE
    _printf_p                                0x00000000   Number         0  stubs.o ABSOLUTE
    _printf_percent                          0x00000000   Number         0  stubs.o ABSOLUTE
    _printf_pre_padding                      0x00000000   Number         0  stubs.o ABSOLUTE
    _printf_return_value                     0x00000000   Number         0  stubs.o ABSOLUTE
    _printf_s                                0x00000000   Number         0  stubs.o ABSOLUTE
    _printf_sizespec                         0x00000000   Number         0  stubs.o ABSOLUTE
    _printf_str                              0x00000000   Number         0  stubs.o ABSOLUTE
    _printf_truncate_signed                  0x00000000   Number         0  stubs.o ABSOLUTE
    _printf_truncate_unsigned                0x00000000   Number         0  stubs.o ABSOLUTE
    _printf_u                                0x00000000   Number         0  stubs.o ABSOLUTE
    _printf_wc                               0x00000000   Number         0  stubs.o ABSOLUTE
    _printf_wctomb                           0x00000000   Number         0  stubs.o ABSOLUTE
    _printf_widthprec                        0x00000000   Number         0  stubs.o ABSOLUTE
    _printf_x                                0x00000000   Number         0  stubs.o ABSOLUTE
    __cpp_initialize__aeabi_                  - Undefined Weak Reference
    __cxa_finalize                            - Undefined Weak Reference
    __decompress                              - Undefined Weak Reference
    _clock_init                               - Undefined Weak Reference
    _microlib_exit                            - Undefined Weak Reference
    __Vectors_Size                           0x000001ac   Number         0  startup_stm32l496xx.o ABSOLUTE
    __Vectors                                0x08000000   Data           4  startup_stm32l496xx.o(RESET)
    __Vectors_End                            0x080001ac   Data           0  startup_stm32l496xx.o(RESET)
    arm_bitreversal_32                       0x080001ad   Thumb Code   106  arm_bitreversal2.o(. text)
    arm_bitreversal_16                       0x08000217   Thumb Code    86  arm_bitreversal2.o(. text)
    __main                                   0x0800026d   Thumb Code     0  entry.o(.ARM.Collect$$$$00000000)
    _main_stk                                0x0800026d   Thumb Code     0  entry2.o(.ARM.Collect$$$$00000001)
    _main_scatterload                        0x08000271   Thumb Code     0  entry5.o(.ARM.Collect$$$$00000004)
    __main_after_scatterload                 0x08000275   Thumb Code     0  entry5.o(.ARM.Collect$$$$00000004)
    _main_clock                              0x08000275   Thumb Code     0  entry7b.o(.ARM.Collect$$$$00000008)
    _main_cpp_init                           0x08000275   Thumb Code     0  entry8b.o(.ARM.Collect$$$$0000000A)
    _main_init                               0x08000275   Thumb Code     0  entry9a.o(.ARM.Collect$$$$0000000B)
    __rt_final_cpp                           0x0800027d   Thumb Code     0  entry10a.o(.ARM.Collect$$$$0000000D)
    __rt_final_exit                          0x0800027d   Thumb Code     0  entry11a.o(.ARM.Collect$$$$0000000F)
    Reset_Handler                            0x08000281   Thumb Code     8  startup_stm32l496xx.o(.text)
    ADC1_2_IRQHandler                        0x0800029b   Thumb Code     0  startup_stm32l496xx.o(.text)
    ADC3_IRQHandler                          0x0800029b   Thumb Code     0  startup_stm32l496xx.o(.text)
    CAN1_RX0_IRQHandler                      0x0800029b   Thumb Code     0  startup_stm32l496xx.o(.text)
    CAN1_RX1_IRQHandler                      0x0800029b   Thumb Code     0  startup_stm32l496xx.o(.text)
    CAN1_SCE_IRQHandler                      0x0800029b   Thumb Code     0  startup_stm32l496xx.o(.text)
    CAN1_TX_IRQHandler                       0x0800029b   Thumb Code     0  startup_stm32l496xx.o(.text)
    CAN2_RX0_IRQHandler                      0x0800029b   Thumb Code     0  startup_stm32l496xx.o(.text)
    CAN2_RX1_IRQHandler                      0x0800029b   Thumb Code     0  startup_stm32l496xx.o(.text)
    CAN2_SCE_IRQHandler                      0x0800029b   Thumb Code     0  startup_stm32l496xx.o(.text)
    CAN2_TX_IRQHandler                       0x0800029b   Thumb Code     0  startup_stm32l496xx.o(.text)
    COMP_IRQHandler                          0x0800029b   Thumb Code     0  startup_stm32l496xx.o(.text)
    CRS_IRQHandler                           0x0800029b   Thumb Code     0  startup_stm32l496xx.o(.text)
    DCMI_IRQHandler                          0x0800029b   Thumb Code     0  startup_stm32l496xx.o(.text)
    DFSDM1_FLT0_IRQHandler                   0x0800029b   Thumb Code     0  startup_stm32l496xx.o(.text)
    DFSDM1_FLT1_IRQHandler                   0x0800029b   Thumb Code     0  startup_stm32l496xx.o(.text)
    DFSDM1_FLT2_IRQHandler                   0x0800029b   Thumb Code     0  startup_stm32l496xx.o(.text)
    DFSDM1_FLT3_IRQHandler                   0x0800029b   Thumb Code     0  startup_stm32l496xx.o(.text)
    DMA1_Channel2_IRQHandler                 0x0800029b   Thumb Code     0  startup_stm32l496xx.o(.text)
    DMA1_Channel3_IRQHandler                 0x0800029b   Thumb Code     0  startup_stm32l496xx.o(.text)
    DMA1_Channel4_IRQHandler                 0x0800029b   Thumb Code     0  startup_stm32l496xx.o(.text)
    DMA1_Channel5_IRQHandler                 0x0800029b   Thumb Code     0  startup_stm32l496xx.o(.text)
    DMA1_Channel6_IRQHandler                 0x0800029b   Thumb Code     0  startup_stm32l496xx.o(.text)
    DMA1_Channel7_IRQHandler                 0x0800029b   Thumb Code     0  startup_stm32l496xx.o(.text)
    DMA2D_IRQHandler                         0x0800029b   Thumb Code     0  startup_stm32l496xx.o(.text)
    DMA2_Channel1_IRQHandler                 0x0800029b   Thumb Code     0  startup_stm32l496xx.o(.text)
    DMA2_Channel2_IRQHandler                 0x0800029b   Thumb Code     0  startup_stm32l496xx.o(.text)
    DMA2_Channel3_IRQHandler                 0x0800029b   Thumb Code     0  startup_stm32l496xx.o(.text)
    DMA2_Channel4_IRQHandler                 0x0800029b   Thumb Code     0  startup_stm32l496xx.o(.text)
    DMA2_Channel5_IRQHandler                 0x0800029b   Thumb Code     0  startup_stm32l496xx.o(.text)
    DMA2_Channel6_IRQHandler                 0x0800029b   Thumb Code     0  startup_stm32l496xx.o(.text)
    DMA2_Channel7_IRQHandler                 0x0800029b   Thumb Code     0  startup_stm32l496xx.o(.text)
    EXTI0_IRQHandler                         0x0800029b   Thumb Code     0  startup_stm32l496xx.o(.text)
    EXTI15_10_IRQHandler                     0x0800029b   Thumb Code     0  startup_stm32l496xx.o(.text)
    EXTI1_IRQHandler                         0x0800029b   Thumb Code     0  startup_stm32l496xx.o(.text)
    EXTI2_IRQHandler                         0x0800029b   Thumb Code     0  startup_stm32l496xx.o(.text)
    EXTI3_IRQHandler                         0x0800029b   Thumb Code     0  startup_stm32l496xx.o(.text)
    EXTI4_IRQHandler                         0x0800029b   Thumb Code     0  startup_stm32l496xx.o(.text)
    EXTI9_5_IRQHandler                       0x0800029b   Thumb Code     0  startup_stm32l496xx.o(.text)
    FLASH_IRQHandler                         0x0800029b   Thumb Code     0  startup_stm32l496xx.o(.text)
    FMC_IRQHandler                           0x0800029b   Thumb Code     0  startup_stm32l496xx.o(.text)
    FPU_IRQHandler                           0x0800029b   Thumb Code     0  startup_stm32l496xx.o(.text)
    I2C1_ER_IRQHandler                       0x0800029b   Thumb Code     0  startup_stm32l496xx.o(.text)
    I2C1_EV_IRQHandler                       0x0800029b   Thumb Code     0  startup_stm32l496xx.o(.text)
    I2C2_ER_IRQHandler                       0x0800029b   Thumb Code     0  startup_stm32l496xx.o(.text)
    I2C2_EV_IRQHandler                       0x0800029b   Thumb Code     0  startup_stm32l496xx.o(.text)
    I2C3_ER_IRQHandler                       0x0800029b   Thumb Code     0  startup_stm32l496xx.o(.text)
    I2C3_EV_IRQHandler                       0x0800029b   Thumb Code     0  startup_stm32l496xx.o(.text)
    I2C4_ER_IRQHandler                       0x0800029b   Thumb Code     0  startup_stm32l496xx.o(.text)
    I2C4_EV_IRQHandler                       0x0800029b   Thumb Code     0  startup_stm32l496xx.o(.text)
    LCD_IRQHandler                           0x0800029b   Thumb Code     0  startup_stm32l496xx.o(.text)
    LPTIM1_IRQHandler                        0x0800029b   Thumb Code     0  startup_stm32l496xx.o(.text)
    LPTIM2_IRQHandler                        0x0800029b   Thumb Code     0  startup_stm32l496xx.o(.text)
    OTG_FS_IRQHandler                        0x0800029b   Thumb Code     0  startup_stm32l496xx.o(.text)
    PVD_PVM_IRQHandler                       0x0800029b   Thumb Code     0  startup_stm32l496xx.o(.text)
    QUADSPI_IRQHandler                       0x0800029b   Thumb Code     0  startup_stm32l496xx.o(.text)
    RCC_IRQHandler                           0x0800029b   Thumb Code     0  startup_stm32l496xx.o(.text)
    RNG_IRQHandler                           0x0800029b   Thumb Code     0  startup_stm32l496xx.o(.text)
    RTC_Alarm_IRQHandler                     0x0800029b   Thumb Code     0  startup_stm32l496xx.o(.text)
    RTC_WKUP_IRQHandler                      0x0800029b   Thumb Code     0  startup_stm32l496xx.o(.text)
    SAI1_IRQHandler                          0x0800029b   Thumb Code     0  startup_stm32l496xx.o(.text)
    SAI2_IRQHandler                          0x0800029b   Thumb Code     0  startup_stm32l496xx.o(.text)
    SDMMC1_IRQHandler                        0x0800029b   Thumb Code     0  startup_stm32l496xx.o(.text)
    SPI1_IRQHandler                          0x0800029b   Thumb Code     0  startup_stm32l496xx.o(.text)
    SPI2_IRQHandler                          0x0800029b   Thumb Code     0  startup_stm32l496xx.o(.text)
    SPI3_IRQHandler                          0x0800029b   Thumb Code     0  startup_stm32l496xx.o(.text)
    SWPMI1_IRQHandler                        0x0800029b   Thumb Code     0  startup_stm32l496xx.o(.text)
    TAMP_STAMP_IRQHandler                    0x0800029b   Thumb Code     0  startup_stm32l496xx.o(.text)
    TIM1_BRK_TIM15_IRQHandler                0x0800029b   Thumb Code     0  startup_stm32l496xx.o(.text)
    TIM1_CC_IRQHandler                       0x0800029b   Thumb Code     0  startup_stm32l496xx.o(.text)
    TIM1_TRG_COM_TIM17_IRQHandler            0x0800029b   Thumb Code     0  startup_stm32l496xx.o(.text)
    TIM1_UP_TIM16_IRQHandler                 0x0800029b   Thumb Code     0  startup_stm32l496xx.o(.text)
    TIM2_IRQHandler                          0x0800029b   Thumb Code     0  startup_stm32l496xx.o(.text)
    TIM4_IRQHandler                          0x0800029b   Thumb Code     0  startup_stm32l496xx.o(.text)
    TIM5_IRQHandler                          0x0800029b   Thumb Code     0  startup_stm32l496xx.o(.text)
    TIM6_DAC_IRQHandler                      0x0800029b   Thumb Code     0  startup_stm32l496xx.o(.text)
    TIM7_IRQHandler                          0x0800029b   Thumb Code     0  startup_stm32l496xx.o(.text)
    TIM8_BRK_IRQHandler                      0x0800029b   Thumb Code     0  startup_stm32l496xx.o(.text)
    TIM8_CC_IRQHandler                       0x0800029b   Thumb Code     0  startup_stm32l496xx.o(.text)
    TIM8_TRG_COM_IRQHandler                  0x0800029b   Thumb Code     0  startup_stm32l496xx.o(.text)
    TIM8_UP_IRQHandler                       0x0800029b   Thumb Code     0  startup_stm32l496xx.o(.text)
    TSC_IRQHandler                           0x0800029b   Thumb Code     0  startup_stm32l496xx.o(.text)
    UART4_IRQHandler                         0x0800029b   Thumb Code     0  startup_stm32l496xx.o(.text)
    UART5_IRQHandler                         0x0800029b   Thumb Code     0  startup_stm32l496xx.o(.text)
    USART1_IRQHandler                        0x0800029b   Thumb Code     0  startup_stm32l496xx.o(.text)
    USART2_IRQHandler                        0x0800029b   Thumb Code     0  startup_stm32l496xx.o(.text)
    WWDG_IRQHandler                          0x0800029b   Thumb Code     0  startup_stm32l496xx.o(.text)
    arm_cos_f32                              0x080002a5   Thumb Code   108  arm_cos_f32.o(.text)
    arm_sin_f32                              0x0800031d   Thumb Code   130  arm_sin_f32.o(.text)
    arm_cmplx_mag_f32                        0x080003b1   Thumb Code   246  arm_cmplx_mag_f32.o(.text)
    arm_cfft_radix8by2_f32                   0x080004ad   Thumb Code   398  arm_cfft_f32.o(.text)
    arm_cfft_radix8by4_f32                   0x0800063b   Thumb Code  1098  arm_cfft_f32.o(.text)
    arm_cfft_f32                             0x08000a85   Thumb Code   330  arm_cfft_f32.o(.text)
    arm_radix8_butterfly_f32                 0x08000bd9   Thumb Code  1244  arm_cfft_radix8_f32.o(.text)
    __aeabi_uldivmod                         0x080010c7   Thumb Code    98  uldiv.o(.text)
    __aeabi_memset                           0x0800112f   Thumb Code    14  memseta.o(.text)
    __aeabi_memset4                          0x0800112f   Thumb Code     0  memseta.o(.text)
    __aeabi_memset8                          0x0800112f   Thumb Code     0  memseta.o(.text)
    __aeabi_memclr                           0x0800113d   Thumb Code     4  memseta.o(.text)
    __aeabi_memclr4                          0x0800113d   Thumb Code     0  memseta.o(.text)
    __aeabi_memclr8                          0x0800113d   Thumb Code     0  memseta.o(.text)
    _memset$wrapper                          0x08001141   Thumb Code    18  memseta.o(.text)
    strcat                                   0x08001153   Thumb Code    24  strcat.o(.text)
    strlen                                   0x0800116b   Thumb Code    14  strlen.o(.text)
    strcmp                                   0x08001179   Thumb Code    28  strcmp.o(.text)
    strcpy                                   0x08001195   Thumb Code    18  strcpy.o(.text)
    __aeabi_dadd                             0x080011a7   Thumb Code   322  dadd.o(.text)
    __aeabi_dsub                             0x080012e9   Thumb Code     6  dadd.o(.text)
    __aeabi_drsub                            0x080012ef   Thumb Code     6  dadd.o(.text)
    __aeabi_dmul                             0x08001305   Thumb Code   228  dmul.o(.text)
    __aeabi_ddiv                             0x080013ef   Thumb Code   222  ddiv.o(.text)
    __aeabi_i2d                              0x080014cd   Thumb Code    34  dflti.o(.text)
    __aeabi_f2d                              0x080014ef   Thumb Code    38  f2d.o(.text)
    __aeabi_cdrcmple                         0x08001515   Thumb Code    48  cdrcmple.o(.text)
    __aeabi_d2f                              0x08001545   Thumb Code    56  d2f.o(.text)
    __aeabi_uidiv                            0x0800157d   Thumb Code     0  uidiv.o(.text)
    __aeabi_uidivmod                         0x0800157d   Thumb Code    44  uidiv.o(.text)
    __aeabi_llsl                             0x080015a9   Thumb Code    30  llshl.o(.text)
    _ll_shift_l                              0x080015a9   Thumb Code     0  llshl.o(.text)
    __aeabi_llsr                             0x080015c7   Thumb Code    32  llushr.o(.text)
    _ll_ushift_r                             0x080015c7   Thumb Code     0  llushr.o(.text)
    __aeabi_lasr                             0x080015e7   Thumb Code    36  llsshr.o(.text)
    _ll_sshift_r                             0x080015e7   Thumb Code     0  llsshr.o(.text)
    __I$use$fp                               0x0800160b   Thumb Code     0  iusefp.o(.text)
    _float_round                             0x0800160b   Thumb Code    18  fepilogue.o(.text)
    _float_epilogue                          0x0800161d   Thumb Code    92  fepilogue.o(.text)
    _double_round                            0x08001679   Thumb Code    30  depilogue.o(.text)
    _double_epilogue                         0x08001697   Thumb Code   156  depilogue.o(.text)
    _dsqrt                                   0x08001733   Thumb Code   162  dsqrt.o(.text)
    __aeabi_d2ulz                            0x080017d5   Thumb Code    48  dfixul.o(.text)
    __scatterload                            0x08001805   Thumb Code    28  init.o(.text)
    __scatterload_rt2                        0x08001805   Thumb Code     0  init.o(.text)
    ADC_DMAConvCplt                          0x08001829   Thumb Code   104  stm32l4xx_hal_adc.o(i.ADC_DMAConvCplt)
    ADC_DMAError                             0x08001891   Thumb Code    26  stm32l4xx_hal_adc.o(i.ADC_DMAError)
    ADC_DMAHalfConvCplt                      0x080018ab   Thumb Code    10  stm32l4xx_hal_adc.o(i.ADC_DMAHalfConvCplt)
    ADC_Enable                               0x080018b5   Thumb Code   138  stm32l4xx_hal_adc.o(i.ADC_Enable)
    BSP_PB_Init                              0x0800194d   Thumb Code   108  stm32l4xx_nucleo_144.o(i.BSP_PB_Init)
    BusFault_Handler                         0x080019c9   Thumb Code     2  stm32l4xx_it.o(i.BusFault_Handler)
    DMA1_Channel1_IRQHandler                 0x080019cd   Thumb Code     6  stm32l4xx_it.o(i.DMA1_Channel1_IRQHandler)
    DebugMon_Handler                         0x08001a07   Thumb Code     2  stm32l4xx_it.o(i.DebugMon_Handler)
    FFT_Operate                              0x08001a09   Thumb Code    18  fft.o(i.FFT_Operate)
    HAL_ADCEx_MultiModeConfigChannel         0x08001a1d   Thumb Code   226  stm32l4xx_hal_adc_ex.o(i.HAL_ADCEx_MultiModeConfigChannel)
    HAL_ADC_ConfigChannel                    0x08001b0d   Thumb Code  1028  stm32l4xx_hal_adc.o(i.HAL_ADC_ConfigChannel)
    HAL_ADC_ConvCpltCallback                 0x08001f3d   Thumb Code     2  stm32l4xx_hal_adc.o(i.HAL_ADC_ConvCpltCallback)
    HAL_ADC_ConvHalfCpltCallback             0x08001f3f   Thumb Code     2  stm32l4xx_hal_adc.o(i.HAL_ADC_ConvHalfCpltCallback)
    HAL_ADC_ErrorCallback                    0x08001f41   Thumb Code     2  stm32l4xx_hal_adc.o(i.HAL_ADC_ErrorCallback)
    HAL_ADC_Init                             0x08001f45   Thumb Code   502  stm32l4xx_hal_adc.o(i.HAL_ADC_Init)
    HAL_ADC_MspInit                          0x08002161   Thumb Code   108  adc.o(i.HAL_ADC_MspInit)
    HAL_ADC_Start_DMA                        0x080021f1   Thumb Code   248  stm32l4xx_hal_adc.o(i.HAL_ADC_Start_DMA)
    HAL_DMA_Abort_IT                         0x08002305   Thumb Code    78  stm32l4xx_hal_dma.o(i.HAL_DMA_Abort_IT)
    HAL_DMA_IRQHandler                       0x08002353   Thumb Code   186  stm32l4xx_hal_dma.o(i.HAL_DMA_IRQHandler)
    HAL_DMA_Init                             0x0800240d   Thumb Code   178  stm32l4xx_hal_dma.o(i.HAL_DMA_Init)
    HAL_DMA_Start_IT                         0x080024cd   Thumb Code   112  stm32l4xx_hal_dma.o(i.HAL_DMA_Start_IT)
    HAL_Delay                                0x0800253d   Thumb Code    28  stm32l4xx_hal.o(i.HAL_Delay)
    HAL_GPIO_Init                            0x08002559   Thumb Code   398  stm32l4xx_hal_gpio.o(i.HAL_GPIO_Init)
    HAL_GetTick                              0x08002719   Thumb Code     6  stm32l4xx_hal.o(i.HAL_GetTick)
    HAL_IncTick                              0x08002725   Thumb Code    10  stm32l4xx_hal.o(i.HAL_IncTick)
    HAL_Init                                 0x08002735   Thumb Code    22  stm32l4xx_hal.o(i.HAL_Init)
    HAL_InitTick                             0x0800274d   Thumb Code    34  stm32l4xx_hal.o(i.HAL_InitTick)
    HAL_MspInit                              0x08002775   Thumb Code   122  stm32l4xx_hal_msp.o(i.HAL_MspInit)
    HAL_NVIC_EnableIRQ                       0x080027f5   Thumb Code    22  stm32l4xx_hal_cortex.o(i.HAL_NVIC_EnableIRQ)
    HAL_NVIC_SetPriority                     0x0800280d   Thumb Code    60  stm32l4xx_hal_cortex.o(i.HAL_NVIC_SetPriority)
    HAL_NVIC_SetPriorityGrouping             0x0800284d   Thumb Code    26  stm32l4xx_hal_cortex.o(i.HAL_NVIC_SetPriorityGrouping)
    HAL_PWREx_ControlVoltageScaling          0x08002871   Thumb Code    86  stm32l4xx_hal_pwr_ex.o(i.HAL_PWREx_ControlVoltageScaling)
    HAL_PWREx_EnableVddIO2                   0x080028d5   Thumb Code    12  stm32l4xx_hal_pwr_ex.o(i.HAL_PWREx_EnableVddIO2)
    HAL_PWREx_GetVoltageRange                0x080028e5   Thumb Code    10  stm32l4xx_hal_pwr_ex.o(i.HAL_PWREx_GetVoltageRange)
    HAL_RCCEx_PeriphCLKConfig                0x080028f5   Thumb Code   954  stm32l4xx_hal_rcc_ex.o(i.HAL_RCCEx_PeriphCLKConfig)
    HAL_RCC_ClockConfig                      0x08002cc1   Thumb Code   260  stm32l4xx_hal_rcc.o(i.HAL_RCC_ClockConfig)
    HAL_RCC_GetHCLKFreq                      0x08002dd5   Thumb Code     6  stm32l4xx_hal_rcc.o(i.HAL_RCC_GetHCLKFreq)
    HAL_RCC_GetPCLK1Freq                     0x08002de1   Thumb Code    20  stm32l4xx_hal_rcc.o(i.HAL_RCC_GetPCLK1Freq)
    HAL_RCC_GetPCLK2Freq                     0x08002e01   Thumb Code    20  stm32l4xx_hal_rcc.o(i.HAL_RCC_GetPCLK2Freq)
    HAL_RCC_GetSysClockFreq                  0x08002e21   Thumb Code   182  stm32l4xx_hal_rcc.o(i.HAL_RCC_GetSysClockFreq)
    HAL_RCC_OscConfig                        0x08002ee5   Thumb Code  1212  stm32l4xx_hal_rcc.o(i.HAL_RCC_OscConfig)
    HAL_SYSTICK_CLKSourceConfig              0x080033a5   Thumb Code    24  stm32l4xx_hal_cortex.o(i.HAL_SYSTICK_CLKSourceConfig)
    HAL_SYSTICK_Callback                     0x080033bd   Thumb Code     2  stm32l4xx_hal_cortex.o(i.HAL_SYSTICK_Callback)
    HAL_SYSTICK_Config                       0x080033bf   Thumb Code    40  stm32l4xx_hal_cortex.o(i.HAL_SYSTICK_Config)
    HAL_SYSTICK_IRQHandler                   0x080033e7   Thumb Code     8  stm32l4xx_hal_cortex.o(i.HAL_SYSTICK_IRQHandler)
    HAL_TIMEx_Break2Callback                 0x080033ef   Thumb Code     2  stm32l4xx_hal_tim_ex.o(i.HAL_TIMEx_Break2Callback)
    HAL_TIMEx_BreakCallback                  0x080033f1   Thumb Code     2  stm32l4xx_hal_tim_ex.o(i.HAL_TIMEx_BreakCallback)
    HAL_TIMEx_CommutationCallback            0x080033f3   Thumb Code     2  stm32l4xx_hal_tim_ex.o(i.HAL_TIMEx_CommutationCallback)
    HAL_TIMEx_MasterConfigSynchronization    0x080033f5   Thumb Code    88  stm32l4xx_hal_tim_ex.o(i.HAL_TIMEx_MasterConfigSynchronization)
    HAL_TIM_Base_Init                        0x08003455   Thumb Code    54  stm32l4xx_hal_tim.o(i.HAL_TIM_Base_Init)
    HAL_TIM_Base_MspInit                     0x0800348d   Thumb Code    50  tim.o(i.HAL_TIM_Base_MspInit)
    HAL_TIM_Base_Start_IT                    0x080034c9   Thumb Code    44  stm32l4xx_hal_tim.o(i.HAL_TIM_Base_Start_IT)
    HAL_TIM_Base_Stop_IT                     0x080034f9   Thumb Code    42  stm32l4xx_hal_tim.o(i.HAL_TIM_Base_Stop_IT)
    HAL_TIM_ConfigClockSource                0x08003525   Thumb Code   230  stm32l4xx_hal_tim.o(i.HAL_TIM_ConfigClockSource)
    HAL_TIM_IC_CaptureCallback               0x08003611   Thumb Code     2  stm32l4xx_hal_tim.o(i.HAL_TIM_IC_CaptureCallback)
    HAL_TIM_IRQHandler                       0x08003613   Thumb Code   388  stm32l4xx_hal_tim.o(i.HAL_TIM_IRQHandler)
    HAL_TIM_OC_DelayElapsedCallback          0x08003797   Thumb Code     2  stm32l4xx_hal_tim.o(i.HAL_TIM_OC_DelayElapsedCallback)
    HAL_TIM_PWM_PulseFinishedCallback        0x08003799   Thumb Code     2  stm32l4xx_hal_tim.o(i.HAL_TIM_PWM_PulseFinishedCallback)
    HAL_TIM_PeriodElapsedCallback            0x0800379d   Thumb Code    54  tim.o(i.HAL_TIM_PeriodElapsedCallback)
    HAL_TIM_TriggerCallback                  0x080037e9   Thumb Code     2  stm32l4xx_hal_tim.o(i.HAL_TIM_TriggerCallback)
    HAL_UARTEx_WakeupCallback                0x080037eb   Thumb Code     2  stm32l4xx_hal_uart_ex.o(i.HAL_UARTEx_WakeupCallback)
    HAL_UART_ErrorCallback                   0x080037ed   Thumb Code     2  stm32l4xx_hal_uart.o(i.HAL_UART_ErrorCallback)
    HAL_UART_IRQHandler                      0x080037f1   Thumb Code   320  stm32l4xx_hal_uart.o(i.HAL_UART_IRQHandler)
    HAL_UART_Init                            0x08003935   Thumb Code   106  stm32l4xx_hal_uart.o(i.HAL_UART_Init)
    HAL_UART_MspInit                         0x080039a1   Thumb Code   136  usart.o(i.HAL_UART_MspInit)
    HAL_UART_Receive_IT                      0x08003a3d   Thumb Code   164  stm32l4xx_hal_uart.o(i.HAL_UART_Receive_IT)
    HAL_UART_RxCpltCallback                  0x08003ae9   Thumb Code    90  usart.o(i.HAL_UART_RxCpltCallback)
    HAL_UART_Transmit                        0x08003b59   Thumb Code   176  stm32l4xx_hal_uart.o(i.HAL_UART_Transmit)
    HAL_UART_TxCpltCallback                  0x08003c09   Thumb Code     2  stm32l4xx_hal_uart.o(i.HAL_UART_TxCpltCallback)
    HardFault_Handler                        0x08003c0b   Thumb Code     2  stm32l4xx_it.o(i.HardFault_Handler)
    LPUART1_IRQHandler                       0x08003c81   Thumb Code     6  stm32l4xx_it.o(i.LPUART1_IRQHandler)
    MX_ADC1_Init                             0x08003c8d   Thumb Code   150  adc.o(i.MX_ADC1_Init)
    MX_DMA_Init                              0x08003d45   Thumb Code    40  dma.o(i.MX_DMA_Init)
    MX_GPIO_Init                             0x08003d71   Thumb Code    58  gpio.o(i.MX_GPIO_Init)
    MX_LPUART1_UART_Init                     0x08003db1   Thumb Code    54  usart.o(i.MX_LPUART1_UART_Init)
    MX_TIM3_Init                             0x08003e01   Thumb Code    94  tim.o(i.MX_TIM3_Init)
    MX_USART3_UART_Init                      0x08003e79   Thumb Code    56  usart.o(i.MX_USART3_UART_Init)
    MemManage_Handler                        0x08003ec9   Thumb Code     2  stm32l4xx_it.o(i.MemManage_Handler)
    NMI_Handler                              0x08003ecb   Thumb Code     2  stm32l4xx_it.o(i.NMI_Handler)
    PendSV_Handler                           0x08003eed   Thumb Code     2  stm32l4xx_it.o(i.PendSV_Handler)
    SVC_Handler                              0x080041a1   Thumb Code     2  stm32l4xx_it.o(i.SVC_Handler)
    SysTick_Handler                          0x080041a3   Thumb Code    14  stm32l4xx_it.o(i.SysTick_Handler)
    SystemClock_Config                       0x080041b1   Thumb Code   164  main.o(i.SystemClock_Config)
    SystemInit                               0x08004255   Thumb Code    56  system_stm32l4xx.o(i.SystemInit)
    TIM3_IRQHandler                          0x08004299   Thumb Code     6  stm32l4xx_it.o(i.TIM3_IRQHandler)
    TIM_Base_SetConfig                       0x080042a5   Thumb Code   160  stm32l4xx_hal_tim.o(i.TIM_Base_SetConfig)
    TIM_ETR_SetConfig                        0x08004365   Thumb Code    20  stm32l4xx_hal_tim.o(i.TIM_ETR_SetConfig)
    UART_AdvFeatureConfig                    0x080043cf   Thumb Code   200  stm32l4xx_hal_uart.o(i.UART_AdvFeatureConfig)
    UART_CheckIdleState                      0x08004497   Thumb Code    92  stm32l4xx_hal_uart.o(i.UART_CheckIdleState)
    UART_SetConfig                           0x080045dd   Thumb Code   622  stm32l4xx_hal_uart.o(i.UART_SetConfig)
    UART_WaitOnFlagUntilTimeout              0x0800487d   Thumb Code   100  stm32l4xx_hal_uart.o(i.UART_WaitOnFlagUntilTimeout)
    USART3_IRQHandler                        0x080048e1   Thumb Code     6  stm32l4xx_it.o(i.USART3_IRQHandler)
    UsageFault_Handler                       0x080048ed   Thumb Code     2  stm32l4xx_it.o(i.UsageFault_Handler)
    _Error_Handler                           0x080048ef   Thumb Code     2  main.o(i._Error_Handler)
    __0printf                                0x080048f1   Thumb Code    22  printfa.o(i.__0printf)
    __1printf                                0x080048f1   Thumb Code     0  printfa.o(i.__0printf)
    __2printf                                0x080048f1   Thumb Code     0  printfa.o(i.__0printf)
    __c89printf                              0x080048f1   Thumb Code     0  printfa.o(i.__0printf)
    printf                                   0x080048f1   Thumb Code     0  printfa.o(i.__0printf)
    __ARM_fpclassify                         0x08004911   Thumb Code    48  fpclassify.o(i.__ARM_fpclassify)
    __hardfp_atan                            0x08004941   Thumb Code   622  atan.o(i.__hardfp_atan)
    __hardfp_atan2                           0x08004c19   Thumb Code   432  atan2.o(i.__hardfp_atan2)
    __hardfp_sqrt                            0x08004e09   Thumb Code   122  sqrt_full.o(i.__hardfp_sqrt)
    __kernel_poly                            0x08004e83   Thumb Code   248  poly.o(i.__kernel_poly)
    __mathlib_dbl_infnan                     0x08004f7b   Thumb Code    20  dunder.o(i.__mathlib_dbl_infnan)
    __mathlib_dbl_infnan2                    0x08004f8f   Thumb Code    20  dunder.o(i.__mathlib_dbl_infnan2)
    __mathlib_dbl_underflow                  0x08004fa9   Thumb Code    24  dunder.o(i.__mathlib_dbl_underflow)
    __scatterload_copy                       0x08004fc9   Thumb Code    14  handlers.o(i.__scatterload_copy)
    __scatterload_null                       0x08004fd7   Thumb Code     2  handlers.o(i.__scatterload_null)
    __scatterload_zeroinit                   0x08004fd9   Thumb Code    14  handlers.o(i.__scatterload_zeroinit)
    __set_errno                              0x08004fe9   Thumb Code     6  errno.o(i.__set_errno)
    atan                                     0x080058b5   Thumb Code    16  atan.o(i.atan)
    calculatesquare                          0x080058c5   Thumb Code    68  fft.o(i.calculatesquare)
    calculatesumx                            0x08005911   Thumb Code    44  fft.o(i.calculatesumx)
    calculatesumxy                           0x08005945   Thumb Code    76  fft.o(i.calculatesumxy)
    complexInputSignal                       0x08005999   Thumb Code    72  fft.o(i.complexInputSignal)
    fabs                                     0x080059e9   Thumb Code    24  fabs.o(i.fabs)
    fftSignal                                0x08005a01   Thumb Code    54  fft.o(i.fftSignal)
    fputc                                    0x08005a4d   Thumb Code    20  main.o(i.fputc)
    free                                     0x08005a65   Thumb Code    76  malloc.o(i.free)
    main                                     0x08005ab5   Thumb Code   344  main.o(i.main)
    malloc                                   0x08005cc1   Thumb Code    92  malloc.o(i.malloc)
    node_UartReturn                          0x08005d2d   Thumb Code   172  loranode.o(i.node_UartReturn)
    node_sendMsg                             0x08005ef9   Thumb Code   104  loranode.o(i.node_sendMsg)
    processFFtArr                            0x08005f7d   Thumb Code   840  fft.o(i.processFFtArr)
    squareaverage                            0x08006369   Thumb Code   146  fft.o(i.squareaverage)
    sumaverage                               0x0800640d   Thumb Code   216  fft.o(i.sumaverage)
    windowing                                0x080064f5   Thumb Code    48  fft.o(i.windowing)
    windowingSignal                          0x0800652d   Thumb Code    86  fft.o(i.windowingSignal)
    BUTTON_IRQn                              0x08006590   Data           1  stm32l4xx_nucleo_144.o(.constdata)
    BUTTON_PIN                               0x08006592   Data           2  stm32l4xx_nucleo_144.o(.constdata)
    GPIO_PIN                                 0x08006594   Data           6  stm32l4xx_nucleo_144.o(.constdata)
    AHBPrescTable                            0x0800659c   Data          16  system_stm32l4xx.o(.constdata)
    MSIRangeTable                            0x080065ac   Data          48  system_stm32l4xx.o(.constdata)
    APBPrescTable                            0x080065dc   Data           8  system_stm32l4xx.o(.constdata)
    arm_cfft_sR_f32_len256                   0x080065e4   Data          16  arm_const_structs.o(.constdata)
    twiddleCoef_256                          0x080065f4   Data        2048  arm_common_tables.o(.constdata)
    armBitRevIndexTable256                   0x08006df4   Data         880  arm_common_tables.o(.constdata)
    sinTable_f32                             0x08007164   Data        2052  arm_common_tables.o(.constdata)
    __mathlib_zero                           0x08007a00   Data           8  qnan.o(.constdata)
    Region$$Table$$Base                      0x08007a08   Number         0  anon$$obj.o(Region$$Table)
    Region$$Table$$Limit                     0x08007a28   Number         0  anon$$obj.o(Region$$Table)
    enableSample_FFT                         0x20000000   Data           1  fft.o(.data)
    BUTTON_PORT                              0x20000008   Data           4  stm32l4xx_nucleo_144.o(.data)
    GPIO_PORT                                0x2000000c   Data          12  stm32l4xx_nucleo_144.o(.data)
    sendMsgState                             0x20000018   Data           1  loranode.o(.data)
    joinOrSend                               0x20000019   Data           1  loranode.o(.data)
    globalSendMsg                            0x2000001a   Data          11  loranode.o(.data)
    aRxBuffer1                               0x20000028   Data           1  usart.o(.data)
    aRxBuffer2                               0x20000029   Data           1  usart.o(.data)
    bufferLength1                            0x2000002c   Data           4  usart.o(.data)
    bufferLength2                            0x20000030   Data           4  usart.o(.data)
    enableFFTState                           0x20000034   Data           1  tim.o(.data)
    uwTick                                   0x2000003c   Data           4  stm32l4xx_hal.o(.data)
    SystemCoreClock                          0x20000040   Data           4  system_stm32l4xx.o(.data)
    __stdout                                 0x20000044   Data           4  stdout.o(.data)
    __microlib_freelist                      0x20000048   Data           4  mvars.o(.data)
    __microlib_freelist_initialised          0x2000004c   Data           4  mvars.o(.data)
    arr_IQDif                                0x20000054   Data          44  fft.o(.bss)
    arr_MaxNum                               0x20000080   Data          44  fft.o(.bss)
    fft_inputbuf1                            0x200000ac   Data        2048  fft.o(.bss)
    fft_outputbuf1                           0x200008ac   Data        1024  fft.o(.bss)
    fft_inputbuf2                            0x20000cac   Data        2048  fft.o(.bss)
    fft_outputbuf2                           0x200014ac   Data        1024  fft.o(.bss)
    ADC_ConvertedDateWindow1                 0x200018ac   Data        1024  fft.o(.bss)
    ADC_ConvertedDateWindow2                 0x20001cac   Data        1024  fft.o(.bss)
    ADC_ConvertedValue                       0x200020ac   Data          32  adc.o(.bss)
    ADC_ConvertedDate1                       0x200020cc   Data        1024  adc.o(.bss)
    ADC_ConvertedDate2                       0x200024cc   Data        1024  adc.o(.bss)
    hadc1                                    0x200028cc   Data         108  adc.o(.bss)
    hdma_adc1                                0x20002938   Data          72  adc.o(.bss)
    hlpuart1                                 0x20002980   Data         120  usart.o(.bss)
    huart3                                   0x200029f8   Data         120  usart.o(.bss)
    saveRxBuffer1                            0x20002a70   Data         256  usart.o(.bss)
    saveRxBuffer2                            0x20002b70   Data         256  usart.o(.bss)
    htim3                                    0x20002c70   Data          64  tim.o(.bss)
    __heap_base                              0x20002cb0   Data           0  startup_stm32l496xx.o(HEAP)
    __heap_limit                             0x20002eb0   Data           0  startup_stm32l496xx.o(HEAP)
    __initial_sp                             0x200032b0   Data           0  startup_stm32l496xx.o(STACK)



==============================================================================

Memory Map of the image

  Image Entry point : 0x0800026d

  Load Region LR_IROM1 (Base: 0x08000000, Size: 0x00007a7c, Max: 0x00100000, ABSOLUTE)

    Execution Region ER_IROM1 (Base: 0x08000000, Size: 0x00007a28, Max: 0x00100000, ABSOLUTE)

    Base Addr    Size         Type   Attr      Idx    E Section Name        Object

    0x08000000   0x000001ac   Data   RO            3    RESET               startup_stm32l496xx.o
    0x080001ac   0x000000c0   Code   RO         4745    . text              arm_cortexM4lf_math.lib(arm_bitreversal2.o)
    0x0800026c   0x00000000   Code   RO         4855  * .ARM.Collect$$$$00000000  mc_w.l(entry.o)
    0x0800026c   0x00000004   Code   RO         5208    .ARM.Collect$$$$00000001  mc_w.l(entry2.o)
    0x08000270   0x00000004   Code   RO         5211    .ARM.Collect$$$$00000004  mc_w.l(entry5.o)
    0x08000274   0x00000000   Code   RO         5213    .ARM.Collect$$$$00000008  mc_w.l(entry7b.o)
    0x08000274   0x00000000   Code   RO         5215    .ARM.Collect$$$$0000000A  mc_w.l(entry8b.o)
    0x08000274   0x00000008   Code   RO         5216    .ARM.Collect$$$$0000000B  mc_w.l(entry9a.o)
    0x0800027c   0x00000000   Code   RO         5218    .ARM.Collect$$$$0000000D  mc_w.l(entry10a.o)
    0x0800027c   0x00000000   Code   RO         5220    .ARM.Collect$$$$0000000F  mc_w.l(entry11a.o)
    0x0800027c   0x00000004   Code   RO         5209    .ARM.Collect$$$$00002712  mc_w.l(entry2.o)
    0x08000280   0x00000024   Code   RO            4    .text               startup_stm32l496xx.o
    0x080002a4   0x00000078   Code   RO         4464    .text               arm_cortexM4lf_math.lib(arm_cos_f32.o)
    0x0800031c   0x00000094   Code   RO         4514    .text               arm_cortexM4lf_math.lib(arm_sin_f32.o)
    0x080003b0   0x000000fc   Code   RO         4538    .text               arm_cortexM4lf_math.lib(arm_cmplx_mag_f32.o)
    0x080004ac   0x0000072c   Code   RO         4565    .text               arm_cortexM4lf_math.lib(arm_cfft_f32.o)
    0x08000bd8   0x000004ee   Code   RO         4724    .text               arm_cortexM4lf_math.lib(arm_cfft_radix8_f32.o)
    0x080010c6   0x00000068   Code   RO         4858    .text               mc_w.l(uldiv.o)
    0x0800112e   0x00000024   Code   RO         4860    .text               mc_w.l(memseta.o)
    0x08001152   0x00000018   Code   RO         4862    .text               mc_w.l(strcat.o)
    0x0800116a   0x0000000e   Code   RO         4864    .text               mc_w.l(strlen.o)
    0x08001178   0x0000001c   Code   RO         4866    .text               mc_w.l(strcmp.o)
    0x08001194   0x00000012   Code   RO         4868    .text               mc_w.l(strcpy.o)
    0x080011a6   0x0000015e   Code   RO         5159    .text               mf_w.l(dadd.o)
    0x08001304   0x000000ea   Code   RO         5161    .text               mf_w.l(dmul.o)
    0x080013ee   0x000000de   Code   RO         5163    .text               mf_w.l(ddiv.o)
    0x080014cc   0x00000022   Code   RO         5165    .text               mf_w.l(dflti.o)
    0x080014ee   0x00000026   Code   RO         5167    .text               mf_w.l(f2d.o)
    0x08001514   0x00000030   Code   RO         5169    .text               mf_w.l(cdrcmple.o)
    0x08001544   0x00000038   Code   RO         5171    .text               mf_w.l(d2f.o)
    0x0800157c   0x0000002c   Code   RO         5223    .text               mc_w.l(uidiv.o)
    0x080015a8   0x0000001e   Code   RO         5225    .text               mc_w.l(llshl.o)
    0x080015c6   0x00000020   Code   RO         5227    .text               mc_w.l(llushr.o)
    0x080015e6   0x00000024   Code   RO         5229    .text               mc_w.l(llsshr.o)
    0x0800160a   0x00000000   Code   RO         5244    .text               mc_w.l(iusefp.o)
    0x0800160a   0x0000006e   Code   RO         5245    .text               mf_w.l(fepilogue.o)
    0x08001678   0x000000ba   Code   RO         5247    .text               mf_w.l(depilogue.o)
    0x08001732   0x000000a2   Code   RO         5251    .text               mf_w.l(dsqrt.o)
    0x080017d4   0x00000030   Code   RO         5253    .text               mf_w.l(dfixul.o)
    0x08001804   0x00000024   Code   RO         5261    .text               mc_w.l(init.o)
    0x08001828   0x00000068   Code   RO          777    i.ADC_DMAConvCplt   stm32l4xx_hal_adc.o
    0x08001890   0x0000001a   Code   RO          778    i.ADC_DMAError      stm32l4xx_hal_adc.o
    0x080018aa   0x0000000a   Code   RO          779    i.ADC_DMAHalfConvCplt  stm32l4xx_hal_adc.o
    0x080018b4   0x00000098   Code   RO          781    i.ADC_Enable        stm32l4xx_hal_adc.o
    0x0800194c   0x0000007c   Code   RO          261    i.BSP_PB_Init       stm32l4xx_nucleo_144.o
    0x080019c8   0x00000002   Code   RO          652    i.BusFault_Handler  stm32l4xx_it.o
    0x080019ca   0x00000002   PAD
    0x080019cc   0x0000000c   Code   RO          653    i.DMA1_Channel1_IRQHandler  stm32l4xx_it.o
    0x080019d8   0x0000002e   Code   RO         3818    i.DMA_SetConfig     stm32l4xx_hal_dma.o
    0x08001a06   0x00000002   Code   RO          654    i.DebugMon_Handler  stm32l4xx_it.o
    0x08001a08   0x00000012   Code   RO           13    i.FFT_Operate       fft.o
    0x08001a1a   0x00000002   PAD
    0x08001a1c   0x000000f0   Code   RO         1014    i.HAL_ADCEx_MultiModeConfigChannel  stm32l4xx_hal_adc_ex.o
    0x08001b0c   0x00000430   Code   RO          783    i.HAL_ADC_ConfigChannel  stm32l4xx_hal_adc.o
    0x08001f3c   0x00000002   Code   RO          784    i.HAL_ADC_ConvCpltCallback  stm32l4xx_hal_adc.o
    0x08001f3e   0x00000002   Code   RO          785    i.HAL_ADC_ConvHalfCpltCallback  stm32l4xx_hal_adc.o
    0x08001f40   0x00000002   Code   RO          787    i.HAL_ADC_ErrorCallback  stm32l4xx_hal_adc.o
    0x08001f42   0x00000002   PAD
    0x08001f44   0x0000021c   Code   RO          792    i.HAL_ADC_Init      stm32l4xx_hal_adc.o
    0x08002160   0x00000090   Code   RO          479    i.HAL_ADC_MspInit   adc.o
    0x080021f0   0x00000114   Code   RO          799    i.HAL_ADC_Start_DMA  stm32l4xx_hal_adc.o
    0x08002304   0x0000004e   Code   RO         3820    i.HAL_DMA_Abort_IT  stm32l4xx_hal_dma.o
    0x08002352   0x000000ba   Code   RO         3824    i.HAL_DMA_IRQHandler  stm32l4xx_hal_dma.o
    0x0800240c   0x000000c0   Code   RO         3825    i.HAL_DMA_Init      stm32l4xx_hal_dma.o
    0x080024cc   0x00000070   Code   RO         3829    i.HAL_DMA_Start_IT  stm32l4xx_hal_dma.o
    0x0800253c   0x0000001c   Code   RO         2530    i.HAL_Delay         stm32l4xx_hal.o
    0x08002558   0x000001be   Code   RO         3755    i.HAL_GPIO_Init     stm32l4xx_hal_gpio.o
    0x08002716   0x00000002   PAD
    0x08002718   0x0000000c   Code   RO         2534    i.HAL_GetTick       stm32l4xx_hal.o
    0x08002724   0x00000010   Code   RO         2538    i.HAL_IncTick       stm32l4xx_hal.o
    0x08002734   0x00000016   Code   RO         2539    i.HAL_Init          stm32l4xx_hal.o
    0x0800274a   0x00000002   PAD
    0x0800274c   0x00000028   Code   RO         2540    i.HAL_InitTick      stm32l4xx_hal.o
    0x08002774   0x00000080   Code   RO          752    i.HAL_MspInit       stm32l4xx_hal_msp.o
    0x080027f4   0x00000016   Code   RO         4296    i.HAL_NVIC_EnableIRQ  stm32l4xx_hal_cortex.o
    0x0800280a   0x00000002   PAD
    0x0800280c   0x00000040   Code   RO         4302    i.HAL_NVIC_SetPriority  stm32l4xx_hal_cortex.o
    0x0800284c   0x00000024   Code   RO         4303    i.HAL_NVIC_SetPriorityGrouping  stm32l4xx_hal_cortex.o
    0x08002870   0x00000064   Code   RO         4046    i.HAL_PWREx_ControlVoltageScaling  stm32l4xx_hal_pwr_ex.o
    0x080028d4   0x00000010   Code   RO         4071    i.HAL_PWREx_EnableVddIO2  stm32l4xx_hal_pwr_ex.o
    0x080028e4   0x00000010   Code   RO         4077    i.HAL_PWREx_GetVoltageRange  stm32l4xx_hal_pwr_ex.o
    0x080028f4   0x000003ca   Code   RO         3372    i.HAL_RCCEx_PeriphCLKConfig  stm32l4xx_hal_rcc_ex.o
    0x08002cbe   0x00000002   PAD
    0x08002cc0   0x00000114   Code   RO         3248    i.HAL_RCC_ClockConfig  stm32l4xx_hal_rcc.o
    0x08002dd4   0x0000000c   Code   RO         3252    i.HAL_RCC_GetHCLKFreq  stm32l4xx_hal_rcc.o
    0x08002de0   0x00000020   Code   RO         3254    i.HAL_RCC_GetPCLK1Freq  stm32l4xx_hal_rcc.o
    0x08002e00   0x00000020   Code   RO         3255    i.HAL_RCC_GetPCLK2Freq  stm32l4xx_hal_rcc.o
    0x08002e20   0x000000c4   Code   RO         3256    i.HAL_RCC_GetSysClockFreq  stm32l4xx_hal_rcc.o
    0x08002ee4   0x000004c0   Code   RO         3259    i.HAL_RCC_OscConfig  stm32l4xx_hal_rcc.o
    0x080033a4   0x00000018   Code   RO         4305    i.HAL_SYSTICK_CLKSourceConfig  stm32l4xx_hal_cortex.o
    0x080033bc   0x00000002   Code   RO         4306    i.HAL_SYSTICK_Callback  stm32l4xx_hal_cortex.o
    0x080033be   0x00000028   Code   RO         4307    i.HAL_SYSTICK_Config  stm32l4xx_hal_cortex.o
    0x080033e6   0x00000008   Code   RO         4308    i.HAL_SYSTICK_IRQHandler  stm32l4xx_hal_cortex.o
    0x080033ee   0x00000002   Code   RO         2266    i.HAL_TIMEx_Break2Callback  stm32l4xx_hal_tim_ex.o
    0x080033f0   0x00000002   Code   RO         2267    i.HAL_TIMEx_BreakCallback  stm32l4xx_hal_tim_ex.o
    0x080033f2   0x00000002   Code   RO         2268    i.HAL_TIMEx_CommutationCallback  stm32l4xx_hal_tim_ex.o
    0x080033f4   0x00000060   Code   RO         2286    i.HAL_TIMEx_MasterConfigSynchronization  stm32l4xx_hal_tim_ex.o
    0x08003454   0x00000036   Code   RO         1627    i.HAL_TIM_Base_Init  stm32l4xx_hal_tim.o
    0x0800348a   0x00000002   PAD
    0x0800348c   0x0000003c   Code   RO          604    i.HAL_TIM_Base_MspInit  tim.o
    0x080034c8   0x00000030   Code   RO         1632    i.HAL_TIM_Base_Start_IT  stm32l4xx_hal_tim.o
    0x080034f8   0x0000002a   Code   RO         1635    i.HAL_TIM_Base_Stop_IT  stm32l4xx_hal_tim.o
    0x08003522   0x00000002   PAD
    0x08003524   0x000000ec   Code   RO         1636    i.HAL_TIM_ConfigClockSource  stm32l4xx_hal_tim.o
    0x08003610   0x00000002   Code   RO         1656    i.HAL_TIM_IC_CaptureCallback  stm32l4xx_hal_tim.o
    0x08003612   0x00000184   Code   RO         1669    i.HAL_TIM_IRQHandler  stm32l4xx_hal_tim.o
    0x08003796   0x00000002   Code   RO         1672    i.HAL_TIM_OC_DelayElapsedCallback  stm32l4xx_hal_tim.o
    0x08003798   0x00000002   Code   RO         1699    i.HAL_TIM_PWM_PulseFinishedCallback  stm32l4xx_hal_tim.o
    0x0800379a   0x00000002   PAD
    0x0800379c   0x0000004c   Code   RO          605    i.HAL_TIM_PeriodElapsedCallback  tim.o
    0x080037e8   0x00000002   Code   RO         1710    i.HAL_TIM_TriggerCallback  stm32l4xx_hal_tim.o
    0x080037ea   0x00000002   Code   RO         1566    i.HAL_UARTEx_WakeupCallback  stm32l4xx_hal_uart_ex.o
    0x080037ec   0x00000002   Code   RO         1225    i.HAL_UART_ErrorCallback  stm32l4xx_hal_uart.o
    0x080037ee   0x00000002   PAD
    0x080037f0   0x00000144   Code   RO         1228    i.HAL_UART_IRQHandler  stm32l4xx_hal_uart.o
    0x08003934   0x0000006a   Code   RO         1229    i.HAL_UART_Init     stm32l4xx_hal_uart.o
    0x0800399e   0x00000002   PAD
    0x080039a0   0x0000009c   Code   RO          548    i.HAL_UART_MspInit  usart.o
    0x08003a3c   0x000000ac   Code   RO         1234    i.HAL_UART_Receive_IT  stm32l4xx_hal_uart.o
    0x08003ae8   0x00000070   Code   RO          549    i.HAL_UART_RxCpltCallback  usart.o
    0x08003b58   0x000000b0   Code   RO         1237    i.HAL_UART_Transmit  stm32l4xx_hal_uart.o
    0x08003c08   0x00000002   Code   RO         1240    i.HAL_UART_TxCpltCallback  stm32l4xx_hal_uart.o
    0x08003c0a   0x00000002   Code   RO          655    i.HardFault_Handler  stm32l4xx_it.o
    0x08003c0c   0x0000000c   Code   RO          805    i.LL_ADC_GetOffsetChannel  stm32l4xx_hal_adc.o
    0x08003c18   0x00000008   Code   RO          806    i.LL_ADC_REG_IsConversionOngoing  stm32l4xx_hal_adc.o
    0x08003c20   0x00000008   Code   RO         1024    i.LL_ADC_REG_IsConversionOngoing  stm32l4xx_hal_adc_ex.o
    0x08003c28   0x00000046   Code   RO          808    i.LL_ADC_SetChannelSamplingTime  stm32l4xx_hal_adc.o
    0x08003c6e   0x00000010   Code   RO          809    i.LL_ADC_SetOffsetState  stm32l4xx_hal_adc.o
    0x08003c7e   0x00000002   PAD
    0x08003c80   0x0000000c   Code   RO          656    i.LPUART1_IRQHandler  stm32l4xx_it.o
    0x08003c8c   0x000000b8   Code   RO          480    i.MX_ADC1_Init      adc.o
    0x08003d44   0x0000002c   Code   RO          523    i.MX_DMA_Init       dma.o
    0x08003d70   0x00000040   Code   RO          454    i.MX_GPIO_Init      gpio.o
    0x08003db0   0x00000050   Code   RO          550    i.MX_LPUART1_UART_Init  usart.o
    0x08003e00   0x00000078   Code   RO          606    i.MX_TIM3_Init      tim.o
    0x08003e78   0x00000050   Code   RO          551    i.MX_USART3_UART_Init  usart.o
    0x08003ec8   0x00000002   Code   RO          657    i.MemManage_Handler  stm32l4xx_it.o
    0x08003eca   0x00000002   Code   RO          658    i.NMI_Handler       stm32l4xx_it.o
    0x08003ecc   0x00000020   Code   RO         4309    i.NVIC_SetPriority  stm32l4xx_hal_cortex.o
    0x08003eec   0x00000002   Code   RO          659    i.PendSV_Handler    stm32l4xx_it.o
    0x08003eee   0x00000002   PAD
    0x08003ef0   0x0000012c   Code   RO         3375    i.RCCEx_PLLSAI1_Config  stm32l4xx_hal_rcc_ex.o
    0x0800401c   0x00000108   Code   RO         3376    i.RCCEx_PLLSAI2_Config  stm32l4xx_hal_rcc_ex.o
    0x08004124   0x0000007c   Code   RO         3260    i.RCC_SetFlashLatencyFromMSIRange  stm32l4xx_hal_rcc.o
    0x080041a0   0x00000002   Code   RO          660    i.SVC_Handler       stm32l4xx_it.o
    0x080041a2   0x0000000e   Code   RO          661    i.SysTick_Handler   stm32l4xx_it.o
    0x080041b0   0x000000a4   Code   RO          396    i.SystemClock_Config  main.o
    0x08004254   0x00000044   Code   RO         4427    i.SystemInit        system_stm32l4xx.o
    0x08004298   0x0000000c   Code   RO          662    i.TIM3_IRQHandler   stm32l4xx_it.o
    0x080042a4   0x000000c0   Code   RO         1711    i.TIM_Base_SetConfig  stm32l4xx_hal_tim.o
    0x08004364   0x00000014   Code   RO         1718    i.TIM_ETR_SetConfig  stm32l4xx_hal_tim.o
    0x08004378   0x00000010   Code   RO         1719    i.TIM_ITRx_SetConfig  stm32l4xx_hal_tim.o
    0x08004388   0x00000022   Code   RO         1727    i.TIM_TI1_ConfigInputStage  stm32l4xx_hal_tim.o
    0x080043aa   0x00000024   Code   RO         1729    i.TIM_TI2_ConfigInputStage  stm32l4xx_hal_tim.o
    0x080043ce   0x000000c8   Code   RO         1242    i.UART_AdvFeatureConfig  stm32l4xx_hal_uart.o
    0x08004496   0x0000005c   Code   RO         1243    i.UART_CheckIdleState  stm32l4xx_hal_uart.o
    0x080044f2   0x00000014   Code   RO         1244    i.UART_DMAAbortOnError  stm32l4xx_hal_uart.o
    0x08004506   0x00000020   Code   RO         1254    i.UART_EndRxTransfer  stm32l4xx_hal_uart.o
    0x08004526   0x0000005c   Code   RO         1256    i.UART_RxISR_16BIT  stm32l4xx_hal_uart.o
    0x08004582   0x0000005a   Code   RO         1257    i.UART_RxISR_8BIT   stm32l4xx_hal_uart.o
    0x080045dc   0x000002a0   Code   RO         1258    i.UART_SetConfig    stm32l4xx_hal_uart.o
    0x0800487c   0x00000064   Code   RO         1261    i.UART_WaitOnFlagUntilTimeout  stm32l4xx_hal_uart.o
    0x080048e0   0x0000000c   Code   RO          663    i.USART3_IRQHandler  stm32l4xx_it.o
    0x080048ec   0x00000002   Code   RO          664    i.UsageFault_Handler  stm32l4xx_it.o
    0x080048ee   0x00000002   Code   RO          397    i._Error_Handler    main.o
    0x080048f0   0x00000020   Code   RO         5103    i.__0printf         mc_w.l(printfa.o)
    0x08004910   0x00000030   Code   RO         5257    i.__ARM_fpclassify  m_wm.l(fpclassify.o)
    0x08004940   0x000002d8   Code   RO         5173    i.__hardfp_atan     m_wm.l(atan.o)
    0x08004c18   0x000001f0   Code   RO         4831    i.__hardfp_atan2    m_wm.l(atan2.o)
    0x08004e08   0x0000007a   Code   RO         4843    i.__hardfp_sqrt     m_wm.l(sqrt_full.o)
    0x08004e82   0x000000f8   Code   RO         5259    i.__kernel_poly     m_wm.l(poly.o)
    0x08004f7a   0x00000014   Code   RO         5188    i.__mathlib_dbl_infnan  m_wm.l(dunder.o)
    0x08004f8e   0x00000014   Code   RO         5189    i.__mathlib_dbl_infnan2  m_wm.l(dunder.o)
    0x08004fa2   0x00000006   PAD
    0x08004fa8   0x00000020   Code   RO         5193    i.__mathlib_dbl_underflow  m_wm.l(dunder.o)
    0x08004fc8   0x0000000e   Code   RO         5265    i.__scatterload_copy  mc_w.l(handlers.o)
    0x08004fd6   0x00000002   Code   RO         5266    i.__scatterload_null  mc_w.l(handlers.o)
    0x08004fd8   0x0000000e   Code   RO         5267    i.__scatterload_zeroinit  mc_w.l(handlers.o)
    0x08004fe6   0x00000002   PAD
    0x08004fe8   0x0000000c   Code   RO         5239    i.__set_errno       mc_w.l(errno.o)
    0x08004ff4   0x0000018a   Code   RO         5110    i._fp_digits        mc_w.l(printfa.o)
    0x0800517e   0x00000002   PAD
    0x08005180   0x000006e2   Code   RO         5111    i._printf_core      mc_w.l(printfa.o)
    0x08005862   0x00000024   Code   RO         5112    i._printf_post_padding  mc_w.l(printfa.o)
    0x08005886   0x0000002e   Code   RO         5113    i._printf_pre_padding  mc_w.l(printfa.o)
    0x080058b4   0x00000010   Code   RO         5175    i.atan              m_wm.l(atan.o)
    0x080058c4   0x0000004c   Code   RO           14    i.calculatesquare   fft.o
    0x08005910   0x00000034   Code   RO           15    i.calculatesumx     fft.o
    0x08005944   0x00000054   Code   RO           16    i.calculatesumxy    fft.o
    0x08005998   0x00000050   Code   RO           17    i.complexInputSignal  fft.o
    0x080059e8   0x00000018   Code   RO         5203    i.fabs              m_wm.l(fabs.o)
    0x08005a00   0x0000004c   Code   RO           18    i.fftSignal         fft.o
    0x08005a4c   0x00000018   Code   RO          398    i.fputc             main.o
    0x08005a64   0x00000050   Code   RO         5131    i.free              mc_w.l(malloc.o)
    0x08005ab4   0x0000020c   Code   RO          399    i.main              main.o
    0x08005cc0   0x0000006c   Code   RO         5132    i.malloc            mc_w.l(malloc.o)
    0x08005d2c   0x000001cc   Code   RO          356    i.node_UartReturn   loranode.o
    0x08005ef8   0x00000084   Code   RO          357    i.node_sendMsg      loranode.o
    0x08005f7c   0x000003ea   Code   RO           19    i.processFFtArr     fft.o
    0x08006366   0x00000002   PAD
    0x08006368   0x000000a4   Code   RO           20    i.squareaverage     fft.o
    0x0800640c   0x000000e8   Code   RO           21    i.sumaverage        fft.o
    0x080064f4   0x00000038   Code   RO           22    i.windowing         fft.o
    0x0800652c   0x00000064   Code   RO           23    i.windowingSignal   fft.o
    0x08006590   0x0000000a   Data   RO          263    .constdata          stm32l4xx_nucleo_144.o
    0x0800659a   0x00000002   PAD
    0x0800659c   0x00000040   Data   RO         4428    .constdata          system_stm32l4xx.o
    0x080065dc   0x00000008   Data   RO         4429    .constdata          system_stm32l4xx.o
    0x080065e4   0x00000010   Data   RO         4593    .constdata          arm_cortexM4lf_math.lib(arm_const_structs.o)
    0x080065f4   0x00000800   Data   RO         4757    .constdata          arm_cortexM4lf_math.lib(arm_common_tables.o)
    0x08006df4   0x00000370   Data   RO         4786    .constdata          arm_cortexM4lf_math.lib(arm_common_tables.o)
    0x08007164   0x00000804   Data   RO         4808    .constdata          arm_cortexM4lf_math.lib(arm_common_tables.o)
    0x08007968   0x00000098   Data   RO         5176    .constdata          m_wm.l(atan.o)
    0x08007a00   0x00000008   Data   RO         5207    .constdata          m_wm.l(qnan.o)
    0x08007a08   0x00000020   Data   RO         5263    Region$$Table       anon$$obj.o


    Execution Region RW_IRAM1 (Base: 0x20000000, Size: 0x000032b0, Max: 0x00040000, ABSOLUTE)

    Base Addr    Size         Type   Attr      Idx    E Section Name        Object

    0x20000000   0x00000001   Data   RW           25    .data               fft.o
    0x20000001   0x00000003   PAD
    0x20000004   0x00000004   Data   RW           26    .data               fft.o
    0x20000008   0x00000010   Data   RW          264    .data               stm32l4xx_nucleo_144.o
    0x20000018   0x0000000d   Data   RW          358    .data               loranode.o
    0x20000025   0x00000003   PAD
    0x20000028   0x0000000c   Data   RW          553    .data               usart.o
    0x20000034   0x00000008   Data   RW          608    .data               tim.o
    0x2000003c   0x00000004   Data   RW         2555    .data               stm32l4xx_hal.o
    0x20000040   0x00000004   Data   RW         4430    .data               system_stm32l4xx.o
    0x20000044   0x00000004   Data   RW         5222    .data               mc_w.l(stdout.o)
    0x20000048   0x00000004   Data   RW         5235    .data               mc_w.l(mvars.o)
    0x2000004c   0x00000004   Data   RW         5236    .data               mc_w.l(mvars.o)
    0x20000050   0x00000004   Data   RW         5240    .data               mc_w.l(errno.o)
    0x20000054   0x00002058   Zero   RW           24    .bss                fft.o
    0x200020ac   0x00000020   Zero   RW          481    .bss                adc.o
    0x200020cc   0x00000400   Zero   RW          482    .bss                adc.o
    0x200024cc   0x00000400   Zero   RW          483    .bss                adc.o
    0x200028cc   0x000000b4   Zero   RW          484    .bss                adc.o
    0x20002980   0x000002f0   Zero   RW          552    .bss                usart.o
    0x20002c70   0x00000040   Zero   RW          607    .bss                tim.o
    0x20002cb0   0x00000200   Zero   RW            2    HEAP                startup_stm32l496xx.o
    0x20002eb0   0x00000400   Zero   RW            1    STACK               startup_stm32l496xx.o


==============================================================================

Image component sizes


      Code (inc. data)   RO Data    RW Data    ZI Data      Debug   Object Name

       328         70          0          0       2260       2240   adc.o
        44          4          0          0          0        854   dma.o
      1940        254          0          5       8280     940935   fft.o
        64          6          0          0          0        915   gpio.o
       592        316          0         13          0       2265   loranode.o
       714        184          0          0          0       3221   main.o
        36          8        428          0       1536        876   startup_stm32l496xx.o
       118         18          0          4          0       4499   stm32l4xx_hal.o
      2292        124          0          0          0      70409   stm32l4xx_hal_adc.o
       248         14          0          0          0      59351   stm32l4xx_hal_adc_ex.o
       228         14          0          0          0      32593   stm32l4xx_hal_cortex.o
       614         14          0          0          0       4778   stm32l4xx_hal_dma.o
       446         42          0          0          0       1956   stm32l4xx_hal_gpio.o
       128          6          0          0          0       1006   stm32l4xx_hal_msp.o
       132         24          0          0          0       2063   stm32l4xx_hal_pwr_ex.o
      1888         92          0          0          0       7552   stm32l4xx_hal_rcc.o
      1534         46          0          0          0       4212   stm32l4xx_hal_rcc_ex.o
      1074         42          0          0          0      11424   stm32l4xx_hal_tim.o
       102          8          0          0          0       3289   stm32l4xx_hal_tim_ex.o
      2080         82          0          0          0      13024   stm32l4xx_hal_uart.o
         2          0          0          0          0       1104   stm32l4xx_hal_uart_ex.o
        78         24          0          0          0       6636   stm32l4xx_it.o
       124         16         10         16          0       6466   stm32l4xx_nucleo_144.o
        68         12         72          4          0       1373   system_stm32l4xx.o
       256         58          0          8         64       2561   tim.o
       428         92          0         12        752       3701   usart.o

    ----------------------------------------------------------------------
     15588       1570        544         68      12892    1189303   Object Totals
         0          0         32          0          0          0   (incl. Generated)
        30          0          2          6          0          0   (incl. Padding)

    ----------------------------------------------------------------------

      Code (inc. data)   RO Data    RW Data    ZI Data      Debug   Library Member Name

       192          0          0          0          0        572   arm_bitreversal2.o
      1836          0          0          0          0       4025   arm_cfft_f32.o
      1262          4          0          0          0       3123   arm_cfft_radix8_f32.o
       252          6          0          0          0      14588   arm_cmplx_mag_f32.o
         0          0       4980          0          0       4704   arm_common_tables.o
         0          0         16          0          0       4212   arm_const_structs.o
       120         12          0          0          0      17170   arm_cos_f32.o
       148         18          0          0          0        814   arm_sin_f32.o
       744        106        152          0          0        352   atan.o
       496         64          0          0          0        192   atan2.o
        72          8          0          0          0        372   dunder.o
        24          0          0          0          0        124   fabs.o
        48          0          0          0          0        124   fpclassify.o
       248          0          0          0          0        152   poly.o
         0          0          8          0          0          0   qnan.o
       122          0          0          0          0        148   sqrt_full.o
         0          0          0          0          0          0   entry.o
         0          0          0          0          0          0   entry10a.o
         0          0          0          0          0          0   entry11a.o
         8          4          0          0          0          0   entry2.o
         4          0          0          0          0          0   entry5.o
         0          0          0          0          0          0   entry7b.o
         0          0          0          0          0          0   entry8b.o
         8          4          0          0          0          0   entry9a.o
        12          6          0          4          0         68   errno.o
        30          0          0          0          0          0   handlers.o
        36          8          0          0          0         68   init.o
         0          0          0          0          0          0   iusefp.o
        30          0          0          0          0         68   llshl.o
        36          0          0          0          0         68   llsshr.o
        32          0          0          0          0         68   llushr.o
       188         20          0          0          0        160   malloc.o
        36          0          0          0          0        108   memseta.o
         0          0          0          8          0          0   mvars.o
      2270         90          0          0          0        452   printfa.o
         0          0          0          4          0          0   stdout.o
        24          0          0          0          0         68   strcat.o
        28          0          0          0          0         76   strcmp.o
        18          0          0          0          0         68   strcpy.o
        14          0          0          0          0         68   strlen.o
        44          0          0          0          0         80   uidiv.o
       104          0          0          0          0         92   uldiv.o
        48          0          0          0          0         68   cdrcmple.o
        56          0          0          0          0         88   d2f.o
       350          0          0          0          0        148   dadd.o
       222          0          0          0          0        100   ddiv.o
       186          0          0          0          0        176   depilogue.o
        48          0          0          0          0         68   dfixul.o
        34          0          0          0          0         76   dflti.o
       234          0          0          0          0         96   dmul.o
       162          0          0          0          0        100   dsqrt.o
        38          0          0          0          0         68   f2d.o
       110          0          0          0          0        168   fepilogue.o

    ----------------------------------------------------------------------
      9984        350       5156         16          0      53340   Library Totals
        10          0          0          0          0          0   (incl. Padding)

    ----------------------------------------------------------------------

      Code (inc. data)   RO Data    RW Data    ZI Data      Debug   Library Name

      3810         40       4996          0          0      49208   arm_cortexM4lf_math.lib
      1754        178        160          0          0       1464   m_wm.l
      2922        132          0         16          0       1512   mc_w.l
      1488          0          0          0          0       1156   mf_w.l

    ----------------------------------------------------------------------
      9984        350       5156         16          0      53340   Library Totals

    ----------------------------------------------------------------------

==============================================================================


      Code (inc. data)   RO Data    RW Data    ZI Data      Debug   

     25572       1920       5700         84      12892    1228343   Grand Totals
     25572       1920       5700         84      12892    1228343   ELF Image Totals
     25572       1920       5700         84          0          0   ROM Totals

==============================================================================

    Total RO  Size (Code + RO Data)                31272 (  30.54kB)
    Total RW  Size (RW Data + ZI Data)             12976 (  12.67kB)
    Total ROM Size (Code + RO Data + RW Data)      31356 (  30.62kB)

==============================================================================

